Archive member included because of file (symbol)

c:/chibistudio/tools/gnu tools arm embedded/4.9 2015q3/bin/../lib/gcc/arm-none-eabi/4.9.3/../../../../arm-none-eabi/lib/armv7e-m\libg.a(lib_a-memcpy.o)
                              C:\Users\ajink\AppData\Local\Temp\ccHy3O2I.ltrans2.ltrans.o (memcpy)

Discarded input sections

 .data          0x00000000        0x0 build/obj/crt0_v7m.o
 .bss           0x00000000        0x0 build/obj/crt0_v7m.o
 .data          0x00000000        0x0 build/obj/chcoreasm_v7m.o
 .bss           0x00000000        0x0 build/obj/chcoreasm_v7m.o
 .text          0x00000000        0x0 build/obj/crt1.o (symbol from plugin)
 .text          0x00000000        0x0 C:\Users\ajink\AppData\Local\Temp\ccHy3O2I.ltrans0.ltrans.o
 .data          0x00000000        0x0 C:\Users\ajink\AppData\Local\Temp\ccHy3O2I.ltrans0.ltrans.o
 .bss           0x00000000        0x0 C:\Users\ajink\AppData\Local\Temp\ccHy3O2I.ltrans0.ltrans.o
 .text          0x00000000        0x0 C:\Users\ajink\AppData\Local\Temp\ccHy3O2I.ltrans1.ltrans.o
 .data          0x00000000        0x0 C:\Users\ajink\AppData\Local\Temp\ccHy3O2I.ltrans1.ltrans.o
 .bss           0x00000000        0x0 C:\Users\ajink\AppData\Local\Temp\ccHy3O2I.ltrans1.ltrans.o
 .text          0x00000000        0x0 C:\Users\ajink\AppData\Local\Temp\ccHy3O2I.ltrans2.ltrans.o
 .data          0x00000000        0x0 C:\Users\ajink\AppData\Local\Temp\ccHy3O2I.ltrans2.ltrans.o
 .bss           0x00000000        0x0 C:\Users\ajink\AppData\Local\Temp\ccHy3O2I.ltrans2.ltrans.o
 .text          0x00000000        0x0 C:\Users\ajink\AppData\Local\Temp\ccHy3O2I.ltrans3.ltrans.o
 .data          0x00000000        0x0 C:\Users\ajink\AppData\Local\Temp\ccHy3O2I.ltrans3.ltrans.o
 .bss           0x00000000        0x0 C:\Users\ajink\AppData\Local\Temp\ccHy3O2I.ltrans3.ltrans.o
 .text          0x00000000        0x0 C:\Users\ajink\AppData\Local\Temp\ccHy3O2I.ltrans4.ltrans.o
 .data          0x00000000        0x0 C:\Users\ajink\AppData\Local\Temp\ccHy3O2I.ltrans4.ltrans.o
 .bss           0x00000000        0x0 C:\Users\ajink\AppData\Local\Temp\ccHy3O2I.ltrans4.ltrans.o
 .text          0x00000000        0x0 C:\Users\ajink\AppData\Local\Temp\ccHy3O2I.ltrans5.ltrans.o
 .data          0x00000000        0x0 C:\Users\ajink\AppData\Local\Temp\ccHy3O2I.ltrans5.ltrans.o
 .bss           0x00000000        0x0 C:\Users\ajink\AppData\Local\Temp\ccHy3O2I.ltrans5.ltrans.o
 .data          0x00000000        0x0 c:/chibistudio/tools/gnu tools arm embedded/4.9 2015q3/bin/../lib/gcc/arm-none-eabi/4.9.3/../../../../arm-none-eabi/lib/armv7e-m\libg.a(lib_a-memcpy.o)
 .bss           0x00000000        0x0 c:/chibistudio/tools/gnu tools arm embedded/4.9 2015q3/bin/../lib/gcc/arm-none-eabi/4.9.3/../../../../arm-none-eabi/lib/armv7e-m\libg.a(lib_a-memcpy.o)
 .text          0x00000000        0x0 build/obj/vectors.o (symbol from plugin)
 .text          0x00000000        0x0 build/obj/chsys.o (symbol from plugin)
 .text          0x00000000        0x0 build/obj/chdebug.o (symbol from plugin)
 .text          0x00000000        0x0 build/obj/chvt.o (symbol from plugin)
 .text          0x00000000        0x0 build/obj/chschd.o (symbol from plugin)
 .text          0x00000000        0x0 build/obj/chthreads.o (symbol from plugin)
 .text          0x00000000        0x0 build/obj/chtm.o (symbol from plugin)
 .text          0x00000000        0x0 build/obj/chdynamic.o (symbol from plugin)
 .text          0x00000000        0x0 build/obj/chregistry.o (symbol from plugin)
 .text          0x00000000        0x0 build/obj/chsem.o (symbol from plugin)
 .text          0x00000000        0x0 build/obj/chmtx.o (symbol from plugin)
 .text          0x00000000        0x0 build/obj/chcond.o (symbol from plugin)
 .text          0x00000000        0x0 build/obj/chevents.o (symbol from plugin)
 .text          0x00000000        0x0 build/obj/chmsg.o (symbol from plugin)
 .text          0x00000000        0x0 build/obj/chmboxes.o (symbol from plugin)
 .text          0x00000000        0x0 build/obj/chqueues.o (symbol from plugin)
 .text          0x00000000        0x0 build/obj/chmemcore.o (symbol from plugin)
 .text          0x00000000        0x0 build/obj/chheap.o (symbol from plugin)
 .text          0x00000000        0x0 build/obj/chmempools.o (symbol from plugin)
 .text          0x00000000        0x0 build/obj/chcore.o (symbol from plugin)
 .text          0x00000000        0x0 build/obj/chcore_v7m.o (symbol from plugin)
 .text          0x00000000        0x0 build/obj/osal.o (symbol from plugin)
 .text          0x00000000        0x0 build/obj/hal.o (symbol from plugin)
 .text          0x00000000        0x0 build/obj/st.o (symbol from plugin)
 .text          0x00000000        0x0 build/obj/hal_queues.o (symbol from plugin)
 .text          0x00000000        0x0 build/obj/hal_mmcsd.o (symbol from plugin)
 .text          0x00000000        0x0 build/obj/i2c.o (symbol from plugin)
 .text          0x00000000        0x0 build/obj/pal.o (symbol from plugin)
[...]
Memory Configuration

Name             Origin             Length             Attributes
flash            0x08000000         0x00080000
ram0             0x20000000         0x00018000
ram1             0x00000000         0x00000000
ram2             0x00000000         0x00000000
ram3             0x00000000         0x00000000
ram4             0x00000000         0x00000000
ram5             0x00000000         0x00000000
ram6             0x00000000         0x00000000
ram7             0x00000000         0x00000000
*default*        0x00000000         0xffffffff

Linker script and memory map

LOAD build/obj/crt0_v7m.o
LOAD build/obj/chcoreasm_v7m.o
LOAD build/obj/crt1.o
LOAD C:\Users\ajink\AppData\Local\Temp\ccHy3O2I.ltrans0.ltrans.o
LOAD C:\Users\ajink\AppData\Local\Temp\ccHy3O2I.ltrans1.ltrans.o
LOAD C:\Users\ajink\AppData\Local\Temp\ccHy3O2I.ltrans2.ltrans.o
LOAD C:\Users\ajink\AppData\Local\Temp\ccHy3O2I.ltrans3.ltrans.o
LOAD C:\Users\ajink\AppData\Local\Temp\ccHy3O2I.ltrans4.ltrans.o
LOAD C:\Users\ajink\AppData\Local\Temp\ccHy3O2I.ltrans5.ltrans.o
LOAD c:/chibistudio/tools/gnu tools arm embedded/4.9 2015q3/bin/../lib/gcc/arm-none-eabi/4.9.3/armv7e-m\libgcc.a
LOAD c:/chibistudio/tools/gnu tools arm embedded/4.9 2015q3/bin/../lib/gcc/arm-none-eabi/4.9.3/../../../../arm-none-eabi/lib/armv7e-m\libg.a
LOAD c:/chibistudio/tools/gnu tools arm embedded/4.9 2015q3/bin/../lib/gcc/arm-none-eabi/4.9.3/../../../../arm-none-eabi/lib/armv7e-m\libc.a
LOAD build/obj/vectors.o
LOAD build/obj/chsys.o
LOAD build/obj/chdebug.o
LOAD build/obj/chvt.o
LOAD build/obj/chschd.o
LOAD build/obj/chthreads.o
LOAD build/obj/chtm.o
LOAD build/obj/chdynamic.o
LOAD build/obj/chregistry.o
LOAD build/obj/chsem.o
LOAD build/obj/chmtx.o
LOAD build/obj/chcond.o
LOAD build/obj/chevents.o
LOAD build/obj/chmsg.o
LOAD build/obj/chmboxes.o
LOAD build/obj/chqueues.o
LOAD build/obj/chmemcore.o
LOAD build/obj/chheap.o
LOAD build/obj/chmempools.o
LOAD build/obj/chcore.o
LOAD build/obj/chcore_v7m.o
LOAD build/obj/osal.o
LOAD build/obj/hal.o
LOAD build/obj/st.o
LOAD build/obj/hal_queues.o
LOAD build/obj/hal_mmcsd.o
LOAD build/obj/i2c.o
LOAD build/obj/pal.o
LOAD build/obj/sdc.o
LOAD build/obj/serial.o
LOAD build/obj/spi.o
LOAD build/obj/nvic.o
LOAD build/obj/stm32_dma.o
LOAD build/obj/hal_lld.o
LOAD build/obj/st_lld.o
LOAD build/obj/sdc_lld.o
LOAD build/obj/pal_lld.o
LOAD build/obj/i2c_lld.o
LOAD build/obj/spi_lld.o
LOAD build/obj/serial_lld.o
LOAD build/obj/board.o
LOAD build/obj/fatfs_diskio.o
LOAD build/obj/fatfs_syscall.o
LOAD build/obj/ff.o
LOAD build/obj/unicode.o
LOAD build/obj/codec_CS43L22.o
LOAD build/obj/testme.o
LOAD build/obj/mmcfs_sdc.o
LOAD build/obj/main.o
                0x20000000                __ram0_start__ = ORIGIN (ram0)
                0x00018000                __ram0_size__ = 0x18000
                0x20018000                __ram0_end__ = (__ram0_start__ + __ram0_size__)
                0x00000000                __ram1_start__ = ORIGIN (ram1)
                0x00000000                __ram1_size__ = 0x0
                0x00000000                __ram1_end__ = (__ram1_start__ + __ram1_size__)
                0x00000000                __ram2_start__ = ORIGIN (ram2)
                0x00000000                __ram2_size__ = 0x0
                0x00000000                __ram2_end__ = (__ram2_start__ + __ram2_size__)
                0x00000000                __ram3_start__ = ORIGIN (ram3)
                0x00000000                __ram3_size__ = 0x0
                0x00000000                __ram3_end__ = (__ram3_start__ + __ram3_size__)
                0x00000000                __ram4_start__ = ORIGIN (ram4)
                0x00000000                __ram4_size__ = 0x0
                0x00000000                __ram4_end__ = (__ram4_start__ + __ram4_size__)
                0x00000000                __ram5_start__ = ORIGIN (ram5)
                0x00000000                __ram5_size__ = 0x0
                0x00000000                __ram5_end__ = (__ram5_start__ + __ram5_size__)
                0x00000000                __ram6_start__ = ORIGIN (ram6)
                0x00000000                __ram6_size__ = 0x0
                0x00000000                __ram6_end__ = (__ram6_start__ + __ram6_size__)
                0x00000000                __ram7_start__ = ORIGIN (ram7)
                0x00000000                __ram7_size__ = 0x0
                0x00000000                __ram7_end__ = (__ram7_start__ + __ram7_size__)
                0x00000000                . = 0x0
                0x00000000                _text = .

startup         0x08000000      0x1c0
 *(.vectors)
 .vectors       0x08000000      0x1c0 C:\Users\ajink\AppData\Local\Temp\ccHy3O2I.ltrans1.ltrans.o
                0x08000000                _vectors

constructors    0x080001c0        0x0
                0x080001c0                PROVIDE (__init_array_start, .)
 *(SORT(.init_array.*))
 *(.init_array)
                0x080001c0                PROVIDE (__init_array_end, .)

destructors     0x080001c0        0x0
                0x080001c0                PROVIDE (__fini_array_start, .)
 *(.fini_array)
 *(SORT(.fini_array.*))
                0x080001c0                PROVIDE (__fini_array_end, .)

.text           0x080001c0     0x47e0
 *(.text)
 .text          0x080001c0       0xc0 build/obj/crt0_v7m.o
                0x080001c0                Reset_Handler
 .text          0x08000280       0x28 build/obj/chcoreasm_v7m.o
                0x08000280                _port_switch
                0x08000290                _port_thread_start
                0x080002a0                _port_switch_from_isr
                0x080002a4                _port_exit_from_isr
 *fill*         0x080002a8        0x8 
 .text          0x080002b0      0x134 c:/chibistudio/tools/gnu tools arm embedded/4.9 2015q3/bin/../lib/gcc/arm-none-eabi/4.9.3/../../../../arm-none-eabi/lib/armv7e-m\libg.a(lib_a-memcpy.o)
                0x080002b0                memcpy
 *(.text.*)
 *fill*         0x080003e4        0xc 
 .text._mmcsd_get_slice
                0x080003f0       0x44 C:\Users\ajink\AppData\Local\Temp\ccHy3O2I.ltrans0.ltrans.o
 *fill*         0x08000434        0xc 
 .text.unlikely._mmcsd_get_capacity
                0x08000440       0x58 C:\Users\ajink\AppData\Local\Temp\ccHy3O2I.ltrans0.ltrans.o
 *fill*         0x08000498        0x8 
 .text.SVC_Handler
                0x080004a0       0x14 C:\Users\ajink\AppData\Local\Temp\ccHy3O2I.ltrans0.ltrans.o
                0x080004a0                SVC_Handler
 *fill*         0x080004b4        0xc 
 .text.chCoreAlloc
                0x080004c0       0x38 C:\Users\ajink\AppData\Local\Temp\ccHy3O2I.ltrans0.ltrans.o
                0x080004c0                chCoreAlloc
 *fill*         0x080004f8        0x8 
 .text.wakeup   0x08000500       0x70 C:\Users\ajink\AppData\Local\Temp\ccHy3O2I.ltrans0.ltrans.o
 .text._idle_thread.lto_priv.66
                0x08000570        0x4 C:\Users\ajink\AppData\Local\Temp\ccHy3O2I.ltrans0.ltrans.o
                0x08000570                _idle_thread.lto_priv.66
 *fill*         0x08000574        0xc 
 .text.chSchDoRescheduleAhead
                0x08000580       0x3c C:\Users\ajink\AppData\Local\Temp\ccHy3O2I.ltrans0.ltrans.o
 *fill*         0x080005bc        0x4 
 .text._port_irq_epilogue
                0x080005c0       0x54 C:\Users\ajink\AppData\Local\Temp\ccHy3O2I.ltrans0.ltrans.o
                0x080005c0                _port_irq_epilogue
 *fill*         0x08000614        0xc 
 .text.chTMStopMeasurementX
                0x08000620       0x44 C:\Users\ajink\AppData\Local\Temp\ccHy3O2I.ltrans0.ltrans.o
                0x08000620                chTMStopMeasurementX
 *fill*         0x08000664        0xc 
 .text.chSchDoReschedule
                0x08000670        0x4 C:\Users\ajink\AppData\Local\Temp\ccHy3O2I.ltrans0.ltrans.o
                0x08000670                chSchDoReschedule
 *fill*         0x08000674        0xc 
 .text.chSchGoSleepS
                0x08000680       0x24 C:\Users\ajink\AppData\Local\Temp\ccHy3O2I.ltrans0.ltrans.o
                0x08000680                chSchGoSleepS
 *fill*         0x080006a4        0xc 
 .text.chSchGoSleepTimeoutS
                0x080006b0      0x10c C:\Users\ajink\AppData\Local\Temp\ccHy3O2I.ltrans0.ltrans.o
                0x080006b0                chSchGoSleepTimeoutS
 *fill*         0x080007bc        0x4 
 .text.chThdEnqueueTimeoutS
                0x080007c0       0x28 C:\Users\ajink\AppData\Local\Temp\ccHy3O2I.ltrans0.ltrans.o
 *fill*         0x080007e8        0x8 
 .text.chOQWriteTimeout
                0x080007f0       0x84 C:\Users\ajink\AppData\Local\Temp\ccHy3O2I.ltrans0.ltrans.o
                0x080007f0                chOQWriteTimeout
 *fill*         0x08000874        0xc 
 .text.chOQPutTimeout
                0x08000880       0x54 C:\Users\ajink\AppData\Local\Temp\ccHy3O2I.ltrans0.ltrans.o
                0x08000880                chOQPutTimeout
 *fill*         0x080008d4        0xc 
 .text.chIQReadTimeout
                0x080008e0       0x78 C:\Users\ajink\AppData\Local\Temp\ccHy3O2I.ltrans0.ltrans.o
                0x080008e0                chIQReadTimeout
 *fill*         0x08000958        0x8 
 .text.chIQGetTimeout
                0x08000960       0x50 C:\Users\ajink\AppData\Local\Temp\ccHy3O2I.ltrans0.ltrans.o
                0x08000960                chIQGetTimeout
 .text.chThdSleep
                0x080009b0       0x18 C:\Users\ajink\AppData\Local\Temp\ccHy3O2I.ltrans0.ltrans.o
                0x080009b0                chThdSleep
 *fill*         0x080009c8        0x8 
 .text.sdcConnect
                0x080009d0      0x3e0 C:\Users\ajink\AppData\Local\Temp\ccHy3O2I.ltrans0.ltrans.o
                0x080009d0                sdcConnect
 .text._sdc_wait_for_transfer_state
                0x08000db0       0x40 C:\Users\ajink\AppData\Local\Temp\ccHy3O2I.ltrans0.ltrans.o
                0x08000db0                _sdc_wait_for_transfer_state
 .text.chSchReadyI
                0x08000df0       0x2c C:\Users\ajink\AppData\Local\Temp\ccHy3O2I.ltrans0.ltrans.o
                0x08000df0                chSchReadyI
 *fill*         0x08000e1c        0x4 
 .text.chMtxUnlock
                0x08000e20       0x68 C:\Users\ajink\AppData\Local\Temp\ccHy3O2I.ltrans0.ltrans.o
                0x08000e20                chMtxUnlock
 *fill*         0x08000e88        0x8 
 .text.chMtxLockS
                0x08000e90       0xc8 C:\Users\ajink\AppData\Local\Temp\ccHy3O2I.ltrans0.ltrans.o
                0x08000e90                chMtxLockS
 *fill*         0x08000f58        0x8 
 .text.chHeapFree
                0x08000f60       0x90 C:\Users\ajink\AppData\Local\Temp\ccHy3O2I.ltrans0.ltrans.o
                0x08000f60                chHeapFree
 .text.chThdResumeI
                0x08000ff0       0x14 C:\Users\ajink\AppData\Local\Temp\ccHy3O2I.ltrans0.ltrans.o
                0x08000ff0                chThdResumeI
 *fill*         0x08001004        0xc 
 .text.chThdExit
                0x08001010       0x48 C:\Users\ajink\AppData\Local\Temp\ccHy3O2I.ltrans0.ltrans.o
                0x08001010                chThdExit
 *fill*         0x08001058        0x8 
 .text._unhandled_exception
                0x08001060        0x4 C:\Users\ajink\AppData\Local\Temp\ccHy3O2I.ltrans0.ltrans.o
                0x08001060                Vector58
                0x08001060                VectorE8
                0x08001060                Vector9C
                0x08001060                VectorAC
                0x08001060                DebugMon_Handler
                0x08001060                Vector1A0
                0x08001060                Vector5C
                0x08001060                Vector11C
                0x08001060                HardFault_Handler
                0x08001060                Vector1B8
                0x08001060                Vector19C
                0x08001060                Vector8C
                0x08001060                SysTick_Handler
                0x08001060                VectorDC
                0x08001060                PendSV_Handler
                0x08001060                Vector168
                0x08001060                NMI_Handler
                0x08001060                Vector110
                0x08001060                VectorC8
                0x08001060                Vector94
                0x08001060                VectorA8
                0x08001060                VectorB4
                0x08001060                Vector160
                0x08001060                Vector1B0
                0x08001060                UsageFault_Handler
                0x08001060                VectorEC
                0x08001060                Vector40
                0x08001060                VectorF8
                0x08001060                Vector108
                0x08001060                Vector190
                0x08001060                Vector148
                0x08001060                Vector188
                0x08001060                Vector198
                0x08001060                Vector118
                0x08001060                Vector64
                0x08001060                VectorCC
                0x08001060                Vector54
                0x08001060                Vector98
                0x08001060                Vector138
                0x08001060                Vector24
                0x08001060                Vector1AC
                0x08001060                Vector178
                0x08001060                Vector1A4
                0x08001060                VectorD0
                0x08001060                Vector1B4
                0x08001060                Vector140
                0x08001060                VectorE4
                0x08001060                Vector134
                0x08001060                VectorF0
                0x08001060                Vector13C
                0x08001060                Vector100
                0x08001060                VectorE0
                0x08001060                VectorF4
                0x08001060                MemManage_Handler
                0x08001060                VectorA0
                0x08001060                VectorC4
                0x08001060                Vector180
                0x08001060                Vector90
                0x08001060                Vector114
                0x08001060                Vector164
                0x08001060                Vector60
                0x08001060                Vector1C
                0x08001060                Vector1BC
                0x08001060                Vector17C
                0x08001060                Vector48
                0x08001060                Vector1A8
                0x08001060                Vector16C
                0x08001060                VectorD4
                0x08001060                Vector4C
                0x08001060                Vector144
                0x08001060                Vector15C
                0x08001060                Vector68
                0x08001060                Vector170
                0x08001060                Vector88
                0x08001060                Vector184
                0x08001060                Vector10C
                0x08001060                Vector14C
                0x08001060                BusFault_Handler
                0x08001060                Vector50
                0x08001060                Vector194
                0x08001060                Vector44
                0x08001060                Vector28
                0x08001060                VectorB8
                0x08001060                Vector34
                0x08001060                VectorA4
                0x08001060                Vector20
                0x08001060                Vector18C
                0x08001060                Vector174
 *fill*         0x08001064        0xc 
 .text.__default_exit
                0x08001070        0x4 C:\Users\ajink\AppData\Local\Temp\ccHy3O2I.ltrans0.ltrans.o
                0x08001070                __default_exit
 *fill*         0x08001074        0xc 
 .text.__late_init
                0x08001080        0x4 C:\Users\ajink\AppData\Local\Temp\ccHy3O2I.ltrans0.ltrans.o
                0x08001080                __late_init
 *fill*         0x08001084        0xc 
 .text.__core_init
                0x08001090        0x4 C:\Users\ajink\AppData\Local\Temp\ccHy3O2I.ltrans0.ltrans.o
                0x08001090                __core_init
 *fill*         0x08001094        0xc 
 .text.sdc_lld_is_write_protected
                0x080010a0        0x4 C:\Users\ajink\AppData\Local\Temp\ccHy3O2I.ltrans1.ltrans.o
                0x080010a0                sdc_lld_is_write_protected
 *fill*         0x080010a4        0xc 
 .text.sdc_lld_is_card_inserted
                0x080010b0        0x4 C:\Users\ajink\AppData\Local\Temp\ccHy3O2I.ltrans1.ltrans.o
                0x080010b0                sdc_lld_is_card_inserted
 *fill*         0x080010b4        0xc 
 .text.notify2.lto_priv.68
                0x080010c0       0x10 C:\Users\ajink\AppData\Local\Temp\ccHy3O2I.ltrans1.ltrans.o
                0x080010c0                notify2.lto_priv.68
 .text.i2c_lld_serve_tx_end_irq.lto_priv.65
                0x080010d0       0x48 C:\Users\ajink\AppData\Local\Temp\ccHy3O2I.ltrans1.ltrans.o
                0x080010d0                i2c_lld_serve_tx_end_irq.lto_priv.65
 *fill*         0x08001118        0x8 
 .text.VectorD8
                0x08001120      0x1b4 C:\Users\ajink\AppData\Local\Temp\ccHy3O2I.ltrans1.ltrans.o
 *fill*         0x080012d4        0xc 
 .text.VectorC0
                0x080012e0       0xdc C:\Users\ajink\AppData\Local\Temp\ccHy3O2I.ltrans1.ltrans.o
 *fill*         0x080013bc        0x4 
 .text.VectorBC
                0x080013c0       0xf8 C:\Users\ajink\AppData\Local\Temp\ccHy3O2I.ltrans1.ltrans.o
 *fill*         0x080014b8        0x8 
 .text.i2c_lld_serve_rx_end_irq.lto_priv.64
                0x080014c0       0x68 C:\Users\ajink\AppData\Local\Temp\ccHy3O2I.ltrans1.ltrans.o
                0x080014c0                i2c_lld_serve_rx_end_irq.lto_priv.64
 *fill*         0x08001528        0x8 
 .text.get_ldnumber.lto_priv.77
                0x08001530       0x48 C:\Users\ajink\AppData\Local\Temp\ccHy3O2I.ltrans1.ltrans.o
                0x08001530                get_ldnumber.lto_priv.77
 *fill*         0x08001578        0x8 
 .text.dir_next.lto_priv.59
                0x08001580      0x20c C:\Users\ajink\AppData\Local\Temp\ccHy3O2I.ltrans1.ltrans.o
                0x08001580                dir_next.lto_priv.59
 *fill*         0x0800178c        0x4 
 .text.dir_sdi.lto_priv.60
                0x08001790       0xa0 C:\Users\ajink\AppData\Local\Temp\ccHy3O2I.ltrans1.ltrans.o
                0x08001790                dir_sdi.lto_priv.60
 .text.follow_path.lto_priv.58
                0x08001830      0x2e4 C:\Users\ajink\AppData\Local\Temp\ccHy3O2I.ltrans1.ltrans.o
                0x08001830                follow_path.lto_priv.58
 *fill*         0x08001b14        0xc 
 .text.move_window.lto_priv.55
                0x08001b20       0x48 C:\Users\ajink\AppData\Local\Temp\ccHy3O2I.ltrans1.ltrans.o
                0x08001b20                move_window.lto_priv.55
 *fill*         0x08001b68        0x8 
 .text.disk_status
                0x08001b70       0x18 C:\Users\ajink\AppData\Local\Temp\ccHy3O2I.ltrans1.ltrans.o
                0x08001b70                disk_status
 *fill*         0x08001b88        0x8 
 .text.__early_init
                0x08001b90       0xb8 C:\Users\ajink\AppData\Local\Temp\ccHy3O2I.ltrans1.ltrans.o
                0x08001b90                __early_init
 *fill*         0x08001c48        0x8 
 .text.sdcGetInfo
                0x08001c50       0x18 C:\Users\ajink\AppData\Local\Temp\ccHy3O2I.ltrans2.ltrans.o
                0x08001c50                sdcGetInfo
 *fill*         0x08001c68        0x8 
 .text.sdcSync  0x08001c70        0xc C:\Users\ajink\AppData\Local\Temp\ccHy3O2I.ltrans2.ltrans.o
                0x08001c70                sdcSync
 *fill*         0x08001c7c        0x4 
 .text.sdcDisconnect
                0x08001c80       0x3c C:\Users\ajink\AppData\Local\Temp\ccHy3O2I.ltrans2.ltrans.o
                0x08001c80                sdcDisconnect
 *fill*         0x08001cbc        0x4 
 .text.VectorB0
                0x08001cc0       0xa0 C:\Users\ajink\AppData\Local\Temp\ccHy3O2I.ltrans2.ltrans.o
                0x08001cc0                VectorB0
 .text.Vector158
                0x08001d60       0x2c C:\Users\ajink\AppData\Local\Temp\ccHy3O2I.ltrans2.ltrans.o
                0x08001d60                Vector158
 *fill*         0x08001d8c        0x4 
 .text.Vector154
                0x08001d90       0x2c C:\Users\ajink\AppData\Local\Temp\ccHy3O2I.ltrans2.ltrans.o
                0x08001d90                Vector154
 *fill*         0x08001dbc        0x4 
 .text.Vector150
                0x08001dc0       0x2c C:\Users\ajink\AppData\Local\Temp\ccHy3O2I.ltrans2.ltrans.o
                0x08001dc0                Vector150
 *fill*         0x08001dec        0x4 
 .text.Vector130
                0x08001df0       0x28 C:\Users\ajink\AppData\Local\Temp\ccHy3O2I.ltrans2.ltrans.o
                0x08001df0                Vector130
 *fill*         0x08001e18        0x8 
 .text.Vector12C
                0x08001e20       0x2c C:\Users\ajink\AppData\Local\Temp\ccHy3O2I.ltrans2.ltrans.o
                0x08001e20                Vector12C
 *fill*         0x08001e4c        0x4 
 .text.Vector128
                0x08001e50       0x2c C:\Users\ajink\AppData\Local\Temp\ccHy3O2I.ltrans2.ltrans.o
                0x08001e50                Vector128
 *fill*         0x08001e7c        0x4 
 .text.Vector124
                0x08001e80       0x2c C:\Users\ajink\AppData\Local\Temp\ccHy3O2I.ltrans2.ltrans.o
                0x08001e80                Vector124
 *fill*         0x08001eac        0x4 
 .text.Vector120
                0x08001eb0       0x28 C:\Users\ajink\AppData\Local\Temp\ccHy3O2I.ltrans2.ltrans.o
                0x08001eb0                Vector120
 *fill*         0x08001ed8        0x8 
 .text.VectorFC
                0x08001ee0       0x2c C:\Users\ajink\AppData\Local\Temp\ccHy3O2I.ltrans2.ltrans.o
                0x08001ee0                VectorFC
 *fill*         0x08001f0c        0x4 
 .text.Vector84
                0x08001f10       0x2c C:\Users\ajink\AppData\Local\Temp\ccHy3O2I.ltrans2.ltrans.o
                0x08001f10                Vector84
 *fill*         0x08001f3c        0x4 
 .text.Vector80
                0x08001f40       0x2c C:\Users\ajink\AppData\Local\Temp\ccHy3O2I.ltrans2.ltrans.o
                0x08001f40                Vector80
 *fill*         0x08001f6c        0x4 
 .text.Vector7C
                0x08001f70       0x28 C:\Users\ajink\AppData\Local\Temp\ccHy3O2I.ltrans2.ltrans.o
                0x08001f70                Vector7C
 *fill*         0x08001f98        0x8 
 .text.Vector78
                0x08001fa0       0x2c C:\Users\ajink\AppData\Local\Temp\ccHy3O2I.ltrans2.ltrans.o
                0x08001fa0                Vector78
 *fill*         0x08001fcc        0x4 
 .text.Vector74
                0x08001fd0       0x2c C:\Users\ajink\AppData\Local\Temp\ccHy3O2I.ltrans2.ltrans.o
                0x08001fd0                Vector74
 *fill*         0x08001ffc        0x4 
 .text.Vector70
                0x08002000       0x2c C:\Users\ajink\AppData\Local\Temp\ccHy3O2I.ltrans2.ltrans.o
                0x08002000                Vector70
 *fill*         0x0800202c        0x4 
 .text.Vector6C
                0x08002030       0x28 C:\Users\ajink\AppData\Local\Temp\ccHy3O2I.ltrans2.ltrans.o
                0x08002030                Vector6C
 *fill*         0x08002058        0x8 
 .text.Vector104
                0x08002060       0x2c C:\Users\ajink\AppData\Local\Temp\ccHy3O2I.ltrans2.ltrans.o
                0x08002060                Vector104
 *fill*         0x0800208c        0x4 
 .text.readt.lto_priv.76
                0x08002090        0x8 C:\Users\ajink\AppData\Local\Temp\ccHy3O2I.ltrans2.ltrans.o
                0x08002090                readt.lto_priv.76
 *fill*         0x08002098        0x8 
 .text.read.lto_priv.70
                0x080020a0        0xc C:\Users\ajink\AppData\Local\Temp\ccHy3O2I.ltrans2.ltrans.o
                0x080020a0                read.lto_priv.70
 *fill*         0x080020ac        0x4 
 .text.writet.lto_priv.75
                0x080020b0        0x8 C:\Users\ajink\AppData\Local\Temp\ccHy3O2I.ltrans2.ltrans.o
                0x080020b0                writet.lto_priv.75
 *fill*         0x080020b8        0x8 
 .text.write.lto_priv.69
                0x080020c0        0xc C:\Users\ajink\AppData\Local\Temp\ccHy3O2I.ltrans2.ltrans.o
                0x080020c0                write.lto_priv.69
 *fill*         0x080020cc        0x4 
 .text.gett.lto_priv.74
                0x080020d0        0x8 C:\Users\ajink\AppData\Local\Temp\ccHy3O2I.ltrans2.ltrans.o
                0x080020d0                gett.lto_priv.74
 *fill*         0x080020d8        0x8 
 .text.get.lto_priv.72
                0x080020e0        0xc C:\Users\ajink\AppData\Local\Temp\ccHy3O2I.ltrans2.ltrans.o
                0x080020e0                get.lto_priv.72
 *fill*         0x080020ec        0x4 
 .text.putt.lto_priv.73
                0x080020f0        0x8 C:\Users\ajink\AppData\Local\Temp\ccHy3O2I.ltrans2.ltrans.o
                0x080020f0                putt.lto_priv.73
 *fill*         0x080020f8        0x8 
 .text.put.lto_priv.71
                0x08002100        0xc C:\Users\ajink\AppData\Local\Temp\ccHy3O2I.ltrans2.ltrans.o
                0x08002100                put.lto_priv.71
 *fill*         0x0800210c        0x4 
 .text.sdc_lld_collect_errors.isra.0.lto_priv.84
                0x08002110       0x3c C:\Users\ajink\AppData\Local\Temp\ccHy3O2I.ltrans2.ltrans.o
                0x08002110                sdc_lld_collect_errors.isra.0.lto_priv.84
 *fill*         0x0800214c        0x4 
 .text.sdc_lld_send_cmd_long_crc
                0x08002150       0x3c C:\Users\ajink\AppData\Local\Temp\ccHy3O2I.ltrans2.ltrans.o
                0x08002150                sdc_lld_send_cmd_long_crc
 *fill*         0x0800218c        0x4 
 .text.sdc_lld_send_cmd_short_crc
                0x08002190       0x30 C:\Users\ajink\AppData\Local\Temp\ccHy3O2I.ltrans2.ltrans.o
                0x08002190                sdc_lld_send_cmd_short_crc
 .text.sdc_lld_error_cleanup
                0x080021c0       0x6c C:\Users\ajink\AppData\Local\Temp\ccHy3O2I.ltrans2.ltrans.o
 *fill*         0x0800222c        0x4 
 .text.sdc_lld_wait_transaction_end
                0x08002230       0x84 C:\Users\ajink\AppData\Local\Temp\ccHy3O2I.ltrans2.ltrans.o
 *fill*         0x080022b4        0xc 
 .text.sdc_lld_write_aligned.part.5
                0x080022c0       0xa8 C:\Users\ajink\AppData\Local\Temp\ccHy3O2I.ltrans2.ltrans.o
 *fill*         0x08002368        0x8 
 .text.sdcWrite
                0x08002370       0xa0 C:\Users\ajink\AppData\Local\Temp\ccHy3O2I.ltrans2.ltrans.o
                0x08002370                sdcWrite
 .text.sdc_lld_read_aligned.part.4
                0x08002410       0xa4 C:\Users\ajink\AppData\Local\Temp\ccHy3O2I.ltrans2.ltrans.o
 *fill*         0x080024b4        0xc 
 .text.sdcRead  0x080024c0       0xa0 C:\Users\ajink\AppData\Local\Temp\ccHy3O2I.ltrans2.ltrans.o
                0x080024c0                sdcRead
 .text.sdc_lld_read_special
                0x08002560       0x9c C:\Users\ajink\AppData\Local\Temp\ccHy3O2I.ltrans2.ltrans.o
                0x08002560                sdc_lld_read_special
 *fill*         0x080025fc        0x4 
 .text.dmaStreamAllocate
                0x08002600       0xb4 C:\Users\ajink\AppData\Local\Temp\ccHy3O2I.ltrans2.ltrans.o
                0x08002600                dmaStreamAllocate
 *fill*         0x080026b4        0xc 
 .text.Thread1  0x080026c0       0x34 C:\Users\ajink\AppData\Local\Temp\ccHy3O2I.ltrans3.ltrans.o
 *fill*         0x080026f4        0xc 
 .text.startup.main
                0x08002700      0xa8c C:\Users\ajink\AppData\Local\Temp\ccHy3O2I.ltrans3.ltrans.o
                0x08002700                main
 *fill*         0x0800318c        0x4 
 .text.validate.constprop.12
                0x08003190       0x30 C:\Users\ajink\AppData\Local\Temp\ccHy3O2I.ltrans4.ltrans.o
 .text.chSchWakeupS.constprop.54
                0x080031c0       0x58 C:\Users\ajink\AppData\Local\Temp\ccHy3O2I.ltrans4.ltrans.o
                0x080031c0                chSchWakeupS.constprop.54
 *fill*         0x08003218        0x8 
 .text.chTMStartMeasurementX.constprop.51
                0x08003220        0xc C:\Users\ajink\AppData\Local\Temp\ccHy3O2I.ltrans4.ltrans.o
                0x08003220                chTMStartMeasurementX.constprop.51
 *fill*         0x0800322c        0x4 
 .text.chEvtBroadcastFlagsI.constprop.46
                0x08003230       0x64 C:\Users\ajink\AppData\Local\Temp\ccHy3O2I.ltrans4.ltrans.o
                0x08003230                chEvtBroadcastFlagsI.constprop.46
 *fill*         0x08003294        0xc 
 .text.chHeapAlloc.constprop.41
                0x080032a0       0x94 C:\Users\ajink\AppData\Local\Temp\ccHy3O2I.ltrans4.ltrans.o
                0x080032a0                chHeapAlloc.constprop.41
 *fill*         0x08003334        0xc 
 .text._pal_lld_setgroupmode.constprop.24
                0x08003340       0x80 C:\Users\ajink\AppData\Local\Temp\ccHy3O2I.ltrans4.ltrans.o
                0x08003340                _pal_lld_setgroupmode.constprop.24
 .text.disk_write.constprop.16
                0x080033c0       0x24 C:\Users\ajink\AppData\Local\Temp\ccHy3O2I.ltrans4.ltrans.o
                0x080033c0                disk_write.constprop.16
 *fill*         0x080033e4        0xc 
 .text.f_close.constprop.9
                0x080033f0      0x174 C:\Users\ajink\AppData\Local\Temp\ccHy3O2I.ltrans4.ltrans.o
                0x080033f0                f_close.constprop.9
 *fill*         0x08003564        0xc 
 .text.f_open.constprop.7
                0x08003570      0x4f0 C:\Users\ajink\AppData\Local\Temp\ccHy3O2I.ltrans4.ltrans.o
                0x08003570                f_open.constprop.7
 .text.check_fs
                0x08003a60       0x84 C:\Users\ajink\AppData\Local\Temp\ccHy3O2I.ltrans5.ltrans.o
 *fill*         0x08003ae4        0xc 
 .text.codec_writeReg
                0x08003af0       0xbc C:\Users\ajink\AppData\Local\Temp\ccHy3O2I.ltrans5.ltrans.o
                0x08003af0                codec_writeReg
 *fill*         0x08003bac        0x4 
 .text.dir_find.part.7.lto_priv.61
                0x08003bb0      0x190 C:\Users\ajink\AppData\Local\Temp\ccHy3O2I.ltrans5.ltrans.o
                0x08003bb0                dir_find.part.7.lto_priv.61
 .text.unlikely.put_fat.part.6.lto_priv.63
                0x08003d40       0xe4 C:\Users\ajink\AppData\Local\Temp\ccHy3O2I.ltrans5.ltrans.o
                0x08003d40                put_fat.part.6.lto_priv.63
 *fill*         0x08003e24        0xc 
 .text.get_fat.part.5.lto_priv.62
                0x08003e30       0xc4 C:\Users\ajink\AppData\Local\Temp\ccHy3O2I.ltrans5.ltrans.o
                0x08003e30                get_fat.part.5.lto_priv.62
 *fill*         0x08003ef4        0xc 
 .text.sync_window.part.1.lto_priv.56
                0x08003f00       0x54 C:\Users\ajink\AppData\Local\Temp\ccHy3O2I.ltrans5.ltrans.o
                0x08003f00                sync_window.part.1.lto_priv.56
 *fill*         0x08003f54        0xc 
 .text.find_volume.lto_priv.57
                0x08003f60      0x354 C:\Users\ajink\AppData\Local\Temp\ccHy3O2I.ltrans5.ltrans.o
                0x08003f60                find_volume.lto_priv.57
 *(.rodata)
 *(.rodata.*)
 *fill*         0x080042b4        0xc 
 .rodata.Tbl    0x080042c0      0x100 C:\Users\ajink\AppData\Local\Temp\ccHy3O2I.ltrans1.ltrans.o
 .rodata.ExCvt  0x080043c0       0x80 C:\Users\ajink\AppData\Local\Temp\ccHy3O2I.ltrans1.ltrans.o
 .rodata.str1.4
                0x08004440       0x1f C:\Users\ajink\AppData\Local\Temp\ccHy3O2I.ltrans1.ltrans.o
 *fill*         0x0800445f        0x1 
 .rodata.ch_debug
                0x08004460       0x16 C:\Users\ajink\AppData\Local\Temp\ccHy3O2I.ltrans3.ltrans.o
 *fill*         0x08004476        0xa 
 .rodata.sdc_vmt
                0x08004480       0x20 C:\Users\ajink\AppData\Local\Temp\ccHy3O2I.ltrans3.ltrans.o
 .rodata.sdccfg
                0x080044a0        0x8 C:\Users\ajink\AppData\Local\Temp\ccHy3O2I.ltrans3.ltrans.o
 *fill*         0x080044a8        0x8 
 .rodata._stm32_dma_streams
                0x080044b0       0xc0 C:\Users\ajink\AppData\Local\Temp\ccHy3O2I.ltrans3.ltrans.o
 .rodata.str1.4
                0x08004570       0x30 C:\Users\ajink\AppData\Local\Temp\ccHy3O2I.ltrans3.ltrans.o
                                 0x2d (size before relaxing)
 .rodata.vmt    0x080045a0       0x20 C:\Users\ajink\AppData\Local\Temp\ccHy3O2I.ltrans3.ltrans.o
 .rodata.i2cfg  0x080045c0        0xc C:\Users\ajink\AppData\Local\Temp\ccHy3O2I.ltrans3.ltrans.o
 *fill*         0x080045cc        0x4 
 .rodata.LfnOfs.lto_priv.78
                0x080045d0        0xd C:\Users\ajink\AppData\Local\Temp\ccHy3O2I.ltrans4.ltrans.o
                0x080045d0                LfnOfs.lto_priv.78
 *fill*         0x080045dd        0x3 
 .rodata.tbl_upper.6513
                0x080045e0      0x1e0 C:\Users\ajink\AppData\Local\Temp\ccHy3O2I.ltrans5.ltrans.o
 .rodata.tbl_lower.6512
                0x080047c0      0x1e0 C:\Users\ajink\AppData\Local\Temp\ccHy3O2I.ltrans5.ltrans.o
 *(.glue_7t)
 .glue_7t       0x00000000        0x0 linker stubs
 *(.glue_7)
 .glue_7        0x00000000        0x0 linker stubs
 *(.gcc*)

.vfp11_veneer   0x080049a0        0x0
 .vfp11_veneer  0x00000000        0x0 linker stubs

.v4_bx          0x080049a0        0x0
 .v4_bx         0x00000000        0x0 linker stubs

.iplt           0x080049a0        0x0
 .iplt          0x00000000        0x0 build/obj/crt0_v7m.o

.rel.dyn        0x080049a0        0x0
 .rel.iplt      0x00000000        0x0 build/obj/crt0_v7m.o

.ARM.extab
 *(.ARM.extab* .gnu.linkonce.armextab.*)

.ARM.exidx      0x080049a0        0x0
                0x080049a0                PROVIDE (__exidx_start, .)
 *(.ARM.exidx* .gnu.linkonce.armexidx.*)
                0x080049a0                PROVIDE (__exidx_end, .)

.eh_frame_hdr
 *(.eh_frame_hdr)

.eh_frame
 *(.eh_frame)

.textalign      0x080049a0        0x0
                0x080049a0                . = ALIGN (0x8)
                0x080049a0                . = ALIGN (0x4)
                0x080049a0                _etext = .
                0x080049a0                _textdata = _etext

.mstack         0x20000000      0x400
                0x20000000                . = ALIGN (0x8)
                0x20000000                __main_stack_base__ = .
                0x20000400                . = (. + __main_stack_size__)
 *fill*         0x20000000      0x400 
                0x20000400                . = ALIGN (0x8)
                0x20000400                __main_stack_end__ = .

.pstack         0x20000400      0x400
                0x20000400                __process_stack_base__ = .
                0x20000400                __main_thread_stack_base__ = .
                0x20000800                . = (. + __process_stack_size__)
 *fill*         0x20000400      0x400 
                0x20000800                . = ALIGN (0x8)
                0x20000800                __process_stack_end__ = .
                0x20000800                __main_thread_stack_end__ = .

.data           0x20000800        0x0 load address 0x080049a0
                0x20000800                . = ALIGN (0x4)
                0x20000800                PROVIDE (_data, .)
 *(.data)
 *(.data.*)
 *(.ramtext)
                0x20000800                . = ALIGN (0x4)
                0x20000800                PROVIDE (_edata, .)

.igot.plt       0x20000800        0x0 load address 0x080049a0
 .igot.plt      0x00000000        0x0 build/obj/crt0_v7m.o

.bss            0x20000800      0xcdc load address 0x080049a0
                0x20000800                . = ALIGN (0x4)
                0x20000800                PROVIDE (_bss_start, .)
 *(.bss)
 *(.bss.*)
 .bss.u         0x20000800      0x200 C:\Users\ajink\AppData\Local\Temp\ccHy3O2I.ltrans2.ltrans.o
 .bss.MMC_FS    0x20000a00      0x230 C:\Users\ajink\AppData\Local\Temp\ccHy3O2I.ltrans3.ltrans.o
 .bss.endmem.lto_priv.82
                0x20000c30        0x4 C:\Users\ajink\AppData\Local\Temp\ccHy3O2I.ltrans3.ltrans.o
                0x20000c30                endmem.lto_priv.82
 .bss.sd_scratchpad
                0x20000c34      0x200 C:\Users\ajink\AppData\Local\Temp\ccHy3O2I.ltrans3.ltrans.o
 .bss.dummytx   0x20000e34        0x2 C:\Users\ajink\AppData\Local\Temp\ccHy3O2I.ltrans3.ltrans.o
 *fill*         0x20000e36        0x2 
 .bss.FatFs.lto_priv.79
                0x20000e38        0x4 C:\Users\ajink\AppData\Local\Temp\ccHy3O2I.ltrans3.ltrans.o
                0x20000e38                FatFs.lto_priv.79
 *fill*         0x20000e3c        0x4 
 .bss.waThread1
                0x20000e40      0x148 C:\Users\ajink\AppData\Local\Temp\ccHy3O2I.ltrans3.ltrans.o
 .bss.SPID3     0x20000f88       0x30 C:\Users\ajink\AppData\Local\Temp\ccHy3O2I.ltrans3.ltrans.o
 .bss.dma_isr_redir.lto_priv.81
                0x20000fb8       0x80 C:\Users\ajink\AppData\Local\Temp\ccHy3O2I.ltrans3.ltrans.o
                0x20000fb8                dma_isr_redir.lto_priv.81
 .bss.dma_streams_mask.lto_priv.80
                0x20001038        0x4 C:\Users\ajink\AppData\Local\Temp\ccHy3O2I.ltrans3.ltrans.o
                0x20001038                dma_streams_mask.lto_priv.80
 .bss.I2CD1     0x2000103c       0x38 C:\Users\ajink\AppData\Local\Temp\ccHy3O2I.ltrans3.ltrans.o
                0x2000103c                I2CD1
 .bss.nextmem.lto_priv.83
                0x20001074        0x4 C:\Users\ajink\AppData\Local\Temp\ccHy3O2I.ltrans3.ltrans.o
                0x20001074                nextmem.lto_priv.83
 .bss.SDCD1     0x20001078       0x4c C:\Users\ajink\AppData\Local\Temp\ccHy3O2I.ltrans4.ltrans.o
                0x20001078                SDCD1
 .bss.SD2       0x200010c4       0x78 C:\Users\ajink\AppData\Local\Temp\ccHy3O2I.ltrans4.ltrans.o
                0x200010c4                SD2
 *fill*         0x2000113c        0x4 
 .bss.ch        0x20001140      0x150 C:\Users\ajink\AppData\Local\Temp\ccHy3O2I.ltrans4.ltrans.o
                0x20001140                ch
 .bss.default_heap.lto_priv.67
                0x20001290       0x20 C:\Users\ajink\AppData\Local\Temp\ccHy3O2I.ltrans4.ltrans.o
                0x20001290                default_heap.lto_priv.67
 .bss.files     0x200012b0      0x224 C:\Users\ajink\AppData\Local\Temp\ccHy3O2I.ltrans4.ltrans.o
                0x200012b0                files
 .bss.Fsid      0x200014d4        0x2 C:\Users\ajink\AppData\Local\Temp\ccHy3O2I.ltrans5.ltrans.o
 *fill*         0x200014d6        0x2 
 .bss.txbuf     0x200014d8        0x2 C:\Users\ajink\AppData\Local\Temp\ccHy3O2I.ltrans5.ltrans.o
 *(COMMON)
                0x200014dc                . = ALIGN (0x4)
 *fill*         0x200014da        0x2 
                0x200014dc                PROVIDE (_bss_end, .)
                0x200014dc                PROVIDE (end, .)

.ram0           0x200014dc        0x0 load address 0x080049a0
                0x200014dc                . = ALIGN (0x4)
 *(.ram0)
 *(.ram0.*)
                0x200014dc                . = ALIGN (0x4)
                0x200014dc                __ram0_free__ = .

.ram1           0x00000000        0x0
                0x00000000                . = ALIGN (0x4)
 *(.ram1)
 *(.ram1.*)
                0x00000000                . = ALIGN (0x4)
                0x00000000                __ram1_free__ = .

.ram2           0x00000000        0x0
                0x00000000                . = ALIGN (0x4)
 *(.ram2)
 *(.ram2.*)
                0x00000000                . = ALIGN (0x4)
                0x00000000                __ram2_free__ = .

.ram3           0x00000000        0x0
                0x00000000                . = ALIGN (0x4)
 *(.ram3)
 *(.ram3.*)
                0x00000000                . = ALIGN (0x4)
                0x00000000                __ram3_free__ = .

.ram4           0x00000000        0x0
                0x00000000                . = ALIGN (0x4)
 *(.ram4)
 *(.ram4.*)
                0x00000000                . = ALIGN (0x4)
                0x00000000                __ram4_free__ = .

.ram5           0x00000000        0x0
                0x00000000                . = ALIGN (0x4)
 *(.ram5)
 *(.ram5.*)
                0x00000000                . = ALIGN (0x4)
                0x00000000                __ram5_free__ = .

.ram6           0x00000000        0x0
                0x00000000                . = ALIGN (0x4)
 *(.ram6)
 *(.ram6.*)
                0x00000000                . = ALIGN (0x4)
                0x00000000                __ram6_free__ = .

.ram7           0x00000000        0x0
                0x00000000                . = ALIGN (0x4)
 *(.ram7)
 *(.ram7.*)
                0x00000000                . = ALIGN (0x4)
                0x00000000                __ram7_free__ = .
                0x200014dc                __heap_base__ = __ram0_free__
                0x20018000                __heap_end__ = __ram0_end__
                0x00000400                __process_stack_size__ = 0x400
                0x00000400                __main_stack_size__ = 0x400
START GROUP
LOAD c:/chibistudio/tools/gnu tools arm embedded/4.9 2015q3/bin/../lib/gcc/arm-none-eabi/4.9.3/armv7e-m\libgcc.a
LOAD c:/chibistudio/tools/gnu tools arm embedded/4.9 2015q3/bin/../lib/gcc/arm-none-eabi/4.9.3/../../../../arm-none-eabi/lib/armv7e-m\libg.a
LOAD c:/chibistudio/tools/gnu tools arm embedded/4.9 2015q3/bin/../lib/gcc/arm-none-eabi/4.9.3/../../../../arm-none-eabi/lib/armv7e-m\libc.a
END GROUP
OUTPUT(build/ch.elf elf32-littlearm)

.ARM.attributes
                0x00000000       0x2d
 .ARM.attributes
                0x00000000       0x21 build/obj/crt0_v7m.o
 .ARM.attributes
                0x00000021       0x21 build/obj/chcoreasm_v7m.o
 .ARM.attributes
                0x00000042       0x31 C:\Users\ajink\AppData\Local\Temp\ccHy3O2I.ltrans0.ltrans.o
 .ARM.attributes
                0x00000073       0x31 C:\Users\ajink\AppData\Local\Temp\ccHy3O2I.ltrans1.ltrans.o
 .ARM.attributes
                0x000000a4       0x31 C:\Users\ajink\AppData\Local\Temp\ccHy3O2I.ltrans2.ltrans.o
 .ARM.attributes
                0x000000d5       0x31 C:\Users\ajink\AppData\Local\Temp\ccHy3O2I.ltrans3.ltrans.o
 .ARM.attributes
                0x00000106       0x31 C:\Users\ajink\AppData\Local\Temp\ccHy3O2I.ltrans4.ltrans.o
 .ARM.attributes
                0x00000137       0x31 C:\Users\ajink\AppData\Local\Temp\ccHy3O2I.ltrans5.ltrans.o
 .ARM.attributes
                0x00000168       0x1c c:/chibistudio/tools/gnu tools arm embedded/4.9 2015q3/bin/../lib/gcc/arm-none-eabi/4.9.3/../../../../arm-none-eabi/lib/armv7e-m\libg.a(lib_a-memcpy.o)

.comment        0x00000000       0x70
 .comment       0x00000000       0x70 C:\Users\ajink\AppData\Local\Temp\ccHy3O2I.ltrans0.ltrans.o
                                 0x71 (size before relaxing)
 .comment       0x00000000       0x71 C:\Users\ajink\AppData\Local\Temp\ccHy3O2I.ltrans1.ltrans.o
 .comment       0x00000000       0x71 C:\Users\ajink\AppData\Local\Temp\ccHy3O2I.ltrans2.ltrans.o
 .comment       0x00000000       0x71 C:\Users\ajink\AppData\Local\Temp\ccHy3O2I.ltrans3.ltrans.o
 .comment       0x00000000       0x71 C:\Users\ajink\AppData\Local\Temp\ccHy3O2I.ltrans4.ltrans.o
 .comment       0x00000000       0x71 C:\Users\ajink\AppData\Local\Temp\ccHy3O2I.ltrans5.ltrans.o

.debug_info     0x00000000    0x110b1
 .debug_info    0x00000000     0x379b C:\Users\ajink\AppData\Local\Temp\ccHy3O2I.ltrans0.ltrans.o
 .debug_info    0x0000379b     0x2ee8 C:\Users\ajink\AppData\Local\Temp\ccHy3O2I.ltrans1.ltrans.o
 .debug_info    0x00006683     0x2c1a C:\Users\ajink\AppData\Local\Temp\ccHy3O2I.ltrans2.ltrans.o
 .debug_info    0x0000929d     0x34ca C:\Users\ajink\AppData\Local\Temp\ccHy3O2I.ltrans3.ltrans.o
 .debug_info    0x0000c767     0x28e5 C:\Users\ajink\AppData\Local\Temp\ccHy3O2I.ltrans4.ltrans.o
 .debug_info    0x0000f04c     0x2065 C:\Users\ajink\AppData\Local\Temp\ccHy3O2I.ltrans5.ltrans.o

.debug_abbrev   0x00000000     0x2157
 .debug_abbrev  0x00000000      0x6e5 C:\Users\ajink\AppData\Local\Temp\ccHy3O2I.ltrans0.ltrans.o
 .debug_abbrev  0x000006e5      0x5b5 C:\Users\ajink\AppData\Local\Temp\ccHy3O2I.ltrans1.ltrans.o
 .debug_abbrev  0x00000c9a      0x633 C:\Users\ajink\AppData\Local\Temp\ccHy3O2I.ltrans2.ltrans.o
 .debug_abbrev  0x000012cd      0x504 C:\Users\ajink\AppData\Local\Temp\ccHy3O2I.ltrans3.ltrans.o
 .debug_abbrev  0x000017d1      0x4cc C:\Users\ajink\AppData\Local\Temp\ccHy3O2I.ltrans4.ltrans.o
 .debug_abbrev  0x00001c9d      0x4ba C:\Users\ajink\AppData\Local\Temp\ccHy3O2I.ltrans5.ltrans.o

.debug_loc      0x00000000     0x75a5
 .debug_loc     0x00000000     0x185e C:\Users\ajink\AppData\Local\Temp\ccHy3O2I.ltrans0.ltrans.o
 .debug_loc     0x0000185e     0x17b7 C:\Users\ajink\AppData\Local\Temp\ccHy3O2I.ltrans1.ltrans.o
 .debug_loc     0x00003015     0x16b6 C:\Users\ajink\AppData\Local\Temp\ccHy3O2I.ltrans2.ltrans.o
 .debug_loc     0x000046cb      0x8a0 C:\Users\ajink\AppData\Local\Temp\ccHy3O2I.ltrans3.ltrans.o
 .debug_loc     0x00004f6b     0x1452 C:\Users\ajink\AppData\Local\Temp\ccHy3O2I.ltrans4.ltrans.o
 .debug_loc     0x000063bd     0x11e8 C:\Users\ajink\AppData\Local\Temp\ccHy3O2I.ltrans5.ltrans.o

.debug_aranges  0x00000000      0x3c8
 .debug_aranges
                0x00000000      0x108 C:\Users\ajink\AppData\Local\Temp\ccHy3O2I.ltrans0.ltrans.o
 .debug_aranges
                0x00000108       0x90 C:\Users\ajink\AppData\Local\Temp\ccHy3O2I.ltrans1.ltrans.o
 .debug_aranges
                0x00000198      0x158 C:\Users\ajink\AppData\Local\Temp\ccHy3O2I.ltrans2.ltrans.o
 .debug_aranges
                0x000002f0       0x28 C:\Users\ajink\AppData\Local\Temp\ccHy3O2I.ltrans3.ltrans.o
 .debug_aranges
                0x00000318       0x60 C:\Users\ajink\AppData\Local\Temp\ccHy3O2I.ltrans4.ltrans.o
 .debug_aranges
                0x00000378       0x50 C:\Users\ajink\AppData\Local\Temp\ccHy3O2I.ltrans5.ltrans.o

.debug_ranges   0x00000000     0x1ff8
 .debug_ranges  0x00000000      0x6b0 C:\Users\ajink\AppData\Local\Temp\ccHy3O2I.ltrans0.ltrans.o
 .debug_ranges  0x000006b0      0x4c0 C:\Users\ajink\AppData\Local\Temp\ccHy3O2I.ltrans1.ltrans.o
 .debug_ranges  0x00000b70      0x3f0 C:\Users\ajink\AppData\Local\Temp\ccHy3O2I.ltrans2.ltrans.o
 .debug_ranges  0x00000f60      0xba8 C:\Users\ajink\AppData\Local\Temp\ccHy3O2I.ltrans3.ltrans.o
 .debug_ranges  0x00001b08      0x350 C:\Users\ajink\AppData\Local\Temp\ccHy3O2I.ltrans4.ltrans.o
 .debug_ranges  0x00001e58      0x1a0 C:\Users\ajink\AppData\Local\Temp\ccHy3O2I.ltrans5.ltrans.o

.debug_line     0x00000000     0x4800
 .debug_line    0x00000000      0xedd C:\Users\ajink\AppData\Local\Temp\ccHy3O2I.ltrans0.ltrans.o
 .debug_line    0x00000edd      0xc1a C:\Users\ajink\AppData\Local\Temp\ccHy3O2I.ltrans1.ltrans.o
 .debug_line    0x00001af7      0xbbe C:\Users\ajink\AppData\Local\Temp\ccHy3O2I.ltrans2.ltrans.o
 .debug_line    0x000026b5      0xf15 C:\Users\ajink\AppData\Local\Temp\ccHy3O2I.ltrans3.ltrans.o
 .debug_line    0x000035ca      0x957 C:\Users\ajink\AppData\Local\Temp\ccHy3O2I.ltrans4.ltrans.o
 .debug_line    0x00003f21      0x8df C:\Users\ajink\AppData\Local\Temp\ccHy3O2I.ltrans5.ltrans.o

.debug_str      0x00000000     0x2a69
 .debug_str     0x00000000      0xebb C:\Users\ajink\AppData\Local\Temp\ccHy3O2I.ltrans0.ltrans.o
                                0xf86 (size before relaxing)
 .debug_str     0x00000ebb      0xa82 C:\Users\ajink\AppData\Local\Temp\ccHy3O2I.ltrans1.ltrans.o
                               0x11f8 (size before relaxing)
 .debug_str     0x0000193d      0x3e5 C:\Users\ajink\AppData\Local\Temp\ccHy3O2I.ltrans2.ltrans.o
                                0xd91 (size before relaxing)
 .debug_str     0x00001d22      0x8f5 C:\Users\ajink\AppData\Local\Temp\ccHy3O2I.ltrans3.ltrans.o
                               0x15a0 (size before relaxing)
 .debug_str     0x00002617      0x2dd C:\Users\ajink\AppData\Local\Temp\ccHy3O2I.ltrans4.ltrans.o
                               0x118f (size before relaxing)
 .debug_str     0x000028f4      0x175 C:\Users\ajink\AppData\Local\Temp\ccHy3O2I.ltrans5.ltrans.o
                                0xd90 (size before relaxing)

.debug_frame    0x00000000      0xc64
 .debug_frame   0x00000000      0x380 C:\Users\ajink\AppData\Local\Temp\ccHy3O2I.ltrans0.ltrans.o
 .debug_frame   0x00000380      0x1f8 C:\Users\ajink\AppData\Local\Temp\ccHy3O2I.ltrans1.ltrans.o
 .debug_frame   0x00000578      0x47c C:\Users\ajink\AppData\Local\Temp\ccHy3O2I.ltrans2.ltrans.o
 .debug_frame   0x000009f4       0x44 C:\Users\ajink\AppData\Local\Temp\ccHy3O2I.ltrans3.ltrans.o
 .debug_frame   0x00000a38      0x120 C:\Users\ajink\AppData\Local\Temp\ccHy3O2I.ltrans4.ltrans.o
 .debug_frame   0x00000b58      0x10c C:\Users\ajink\AppData\Local\Temp\ccHy3O2I.ltrans5.ltrans.o

Cross Reference Table

Symbol                                            File
BusFault_Handler                                  C:\Users\ajink\AppData\Local\Temp\ccHy3O2I.ltrans0.ltrans.o
                                                  build/obj/vectors.o (symbol from plugin)
                                                  C:\Users\ajink\AppData\Local\Temp\ccHy3O2I.ltrans1.ltrans.o
DebugMon_Handler                                  C:\Users\ajink\AppData\Local\Temp\ccHy3O2I.ltrans0.ltrans.o
                                                  build/obj/vectors.o (symbol from plugin)
                                                  C:\Users\ajink\AppData\Local\Temp\ccHy3O2I.ltrans1.ltrans.o
FatFs.lto_priv.79                                 C:\Users\ajink\AppData\Local\Temp\ccHy3O2I.ltrans3.ltrans.o
                                                  C:\Users\ajink\AppData\Local\Temp\ccHy3O2I.ltrans5.ltrans.o
HardFault_Handler                                 C:\Users\ajink\AppData\Local\Temp\ccHy3O2I.ltrans0.ltrans.o
                                                  build/obj/vectors.o (symbol from plugin)
                                                  C:\Users\ajink\AppData\Local\Temp\ccHy3O2I.ltrans1.ltrans.o
I2CD1                                             C:\Users\ajink\AppData\Local\Temp\ccHy3O2I.ltrans3.ltrans.o
                                                  build/obj/i2c_lld.o (symbol from plugin)
                                                  C:\Users\ajink\AppData\Local\Temp\ccHy3O2I.ltrans5.ltrans.o
                                                  C:\Users\ajink\AppData\Local\Temp\ccHy3O2I.ltrans1.ltrans.o
                                                  build/obj/codec_CS43L22.o (symbol from plugin)
LfnOfs.lto_priv.78                                C:\Users\ajink\AppData\Local\Temp\ccHy3O2I.ltrans4.ltrans.o
                                                  C:\Users\ajink\AppData\Local\Temp\ccHy3O2I.ltrans5.ltrans.o
MMC_FS                                            build/obj/mmcfs_sdc.o (symbol from plugin)
MemManage_Handler                                 C:\Users\ajink\AppData\Local\Temp\ccHy3O2I.ltrans0.ltrans.o
                                                  build/obj/vectors.o (symbol from plugin)
                                                  C:\Users\ajink\AppData\Local\Temp\ccHy3O2I.ltrans1.ltrans.o
NMI_Handler                                       C:\Users\ajink\AppData\Local\Temp\ccHy3O2I.ltrans0.ltrans.o
                                                  build/obj/vectors.o (symbol from plugin)
                                                  C:\Users\ajink\AppData\Local\Temp\ccHy3O2I.ltrans1.ltrans.o
PendSV_Handler                                    C:\Users\ajink\AppData\Local\Temp\ccHy3O2I.ltrans0.ltrans.o
                                                  build/obj/vectors.o (symbol from plugin)
                                                  C:\Users\ajink\AppData\Local\Temp\ccHy3O2I.ltrans1.ltrans.o
Reset_Handler                                     build/obj/crt0_v7m.o
                                                  C:\Users\ajink\AppData\Local\Temp\ccHy3O2I.ltrans1.ltrans.o
SD2                                               C:\Users\ajink\AppData\Local\Temp\ccHy3O2I.ltrans4.ltrans.o
                                                  build/obj/serial_lld.o (symbol from plugin)
                                                  C:\Users\ajink\AppData\Local\Temp\ccHy3O2I.ltrans3.ltrans.o
                                                  C:\Users\ajink\AppData\Local\Temp\ccHy3O2I.ltrans1.ltrans.o
                                                  build/obj/main.o (symbol from plugin)
SDCD1                                             C:\Users\ajink\AppData\Local\Temp\ccHy3O2I.ltrans4.ltrans.o
                                                  build/obj/sdc_lld.o (symbol from plugin)
                                                  C:\Users\ajink\AppData\Local\Temp\ccHy3O2I.ltrans5.ltrans.o
                                                  C:\Users\ajink\AppData\Local\Temp\ccHy3O2I.ltrans3.ltrans.o
                                                  C:\Users\ajink\AppData\Local\Temp\ccHy3O2I.ltrans2.ltrans.o
                                                  C:\Users\ajink\AppData\Local\Temp\ccHy3O2I.ltrans1.ltrans.o
                                                  build/obj/mmcfs_sdc.o (symbol from plugin)
                                                  build/obj/fatfs_diskio.o (symbol from plugin)
SPID3                                             build/obj/spi_lld.o (symbol from plugin)
                                                  build/obj/codec_CS43L22.o (symbol from plugin)
SVC_Handler                                       C:\Users\ajink\AppData\Local\Temp\ccHy3O2I.ltrans0.ltrans.o
                                                  build/obj/chcore_v7m.o (symbol from plugin)
                                                  build/obj/vectors.o (symbol from plugin)
                                                  C:\Users\ajink\AppData\Local\Temp\ccHy3O2I.ltrans1.ltrans.o
SysTick_Handler                                   C:\Users\ajink\AppData\Local\Temp\ccHy3O2I.ltrans0.ltrans.o
                                                  build/obj/vectors.o (symbol from plugin)
                                                  C:\Users\ajink\AppData\Local\Temp\ccHy3O2I.ltrans1.ltrans.o
SystemCoreClock                                   build/obj/hal_lld.o (symbol from plugin)
UsageFault_Handler                                C:\Users\ajink\AppData\Local\Temp\ccHy3O2I.ltrans0.ltrans.o
                                                  build/obj/vectors.o (symbol from plugin)
                                                  C:\Users\ajink\AppData\Local\Temp\ccHy3O2I.ltrans1.ltrans.o
Vector100                                         C:\Users\ajink\AppData\Local\Temp\ccHy3O2I.ltrans0.ltrans.o
                                                  build/obj/vectors.o (symbol from plugin)
                                                  C:\Users\ajink\AppData\Local\Temp\ccHy3O2I.ltrans1.ltrans.o
Vector104                                         C:\Users\ajink\AppData\Local\Temp\ccHy3O2I.ltrans2.ltrans.o
                                                  build/obj/sdc_lld.o (symbol from plugin)
                                                  build/obj/vectors.o (symbol from plugin)
                                                  C:\Users\ajink\AppData\Local\Temp\ccHy3O2I.ltrans1.ltrans.o
Vector108                                         C:\Users\ajink\AppData\Local\Temp\ccHy3O2I.ltrans0.ltrans.o
                                                  build/obj/vectors.o (symbol from plugin)
                                                  C:\Users\ajink\AppData\Local\Temp\ccHy3O2I.ltrans1.ltrans.o
Vector10C                                         C:\Users\ajink\AppData\Local\Temp\ccHy3O2I.ltrans0.ltrans.o
                                                  build/obj/vectors.o (symbol from plugin)
                                                  C:\Users\ajink\AppData\Local\Temp\ccHy3O2I.ltrans1.ltrans.o
Vector110                                         C:\Users\ajink\AppData\Local\Temp\ccHy3O2I.ltrans0.ltrans.o
                                                  build/obj/vectors.o (symbol from plugin)
                                                  C:\Users\ajink\AppData\Local\Temp\ccHy3O2I.ltrans1.ltrans.o
Vector114                                         C:\Users\ajink\AppData\Local\Temp\ccHy3O2I.ltrans0.ltrans.o
                                                  build/obj/vectors.o (symbol from plugin)
                                                  C:\Users\ajink\AppData\Local\Temp\ccHy3O2I.ltrans1.ltrans.o
Vector118                                         C:\Users\ajink\AppData\Local\Temp\ccHy3O2I.ltrans0.ltrans.o
                                                  build/obj/vectors.o (symbol from plugin)
                                                  C:\Users\ajink\AppData\Local\Temp\ccHy3O2I.ltrans1.ltrans.o
Vector11C                                         C:\Users\ajink\AppData\Local\Temp\ccHy3O2I.ltrans0.ltrans.o
                                                  build/obj/vectors.o (symbol from plugin)
                                                  C:\Users\ajink\AppData\Local\Temp\ccHy3O2I.ltrans1.ltrans.o
Vector120                                         C:\Users\ajink\AppData\Local\Temp\ccHy3O2I.ltrans2.ltrans.o
                                                  build/obj/stm32_dma.o (symbol from plugin)
                                                  build/obj/vectors.o (symbol from plugin)
                                                  C:\Users\ajink\AppData\Local\Temp\ccHy3O2I.ltrans1.ltrans.o
Vector124                                         C:\Users\ajink\AppData\Local\Temp\ccHy3O2I.ltrans2.ltrans.o
                                                  build/obj/stm32_dma.o (symbol from plugin)
                                                  build/obj/vectors.o (symbol from plugin)
                                                  C:\Users\ajink\AppData\Local\Temp\ccHy3O2I.ltrans1.ltrans.o
Vector128                                         C:\Users\ajink\AppData\Local\Temp\ccHy3O2I.ltrans2.ltrans.o
                                                  build/obj/stm32_dma.o (symbol from plugin)
                                                  build/obj/vectors.o (symbol from plugin)
                                                  C:\Users\ajink\AppData\Local\Temp\ccHy3O2I.ltrans1.ltrans.o
Vector12C                                         C:\Users\ajink\AppData\Local\Temp\ccHy3O2I.ltrans2.ltrans.o
                                                  build/obj/stm32_dma.o (symbol from plugin)
                                                  build/obj/vectors.o (symbol from plugin)
                                                  C:\Users\ajink\AppData\Local\Temp\ccHy3O2I.ltrans1.ltrans.o
Vector130                                         C:\Users\ajink\AppData\Local\Temp\ccHy3O2I.ltrans2.ltrans.o
                                                  build/obj/stm32_dma.o (symbol from plugin)
                                                  build/obj/vectors.o (symbol from plugin)
                                                  C:\Users\ajink\AppData\Local\Temp\ccHy3O2I.ltrans1.ltrans.o
Vector134                                         C:\Users\ajink\AppData\Local\Temp\ccHy3O2I.ltrans0.ltrans.o
                                                  build/obj/vectors.o (symbol from plugin)
                                                  C:\Users\ajink\AppData\Local\Temp\ccHy3O2I.ltrans1.ltrans.o
Vector138                                         C:\Users\ajink\AppData\Local\Temp\ccHy3O2I.ltrans0.ltrans.o
                                                  build/obj/vectors.o (symbol from plugin)
                                                  C:\Users\ajink\AppData\Local\Temp\ccHy3O2I.ltrans1.ltrans.o
Vector13C                                         C:\Users\ajink\AppData\Local\Temp\ccHy3O2I.ltrans0.ltrans.o
                                                  build/obj/vectors.o (symbol from plugin)
                                                  C:\Users\ajink\AppData\Local\Temp\ccHy3O2I.ltrans1.ltrans.o
Vector140                                         C:\Users\ajink\AppData\Local\Temp\ccHy3O2I.ltrans0.ltrans.o
                                                  build/obj/vectors.o (symbol from plugin)
                                                  C:\Users\ajink\AppData\Local\Temp\ccHy3O2I.ltrans1.ltrans.o
Vector144                                         C:\Users\ajink\AppData\Local\Temp\ccHy3O2I.ltrans0.ltrans.o
                                                  build/obj/vectors.o (symbol from plugin)
                                                  C:\Users\ajink\AppData\Local\Temp\ccHy3O2I.ltrans1.ltrans.o
Vector148                                         C:\Users\ajink\AppData\Local\Temp\ccHy3O2I.ltrans0.ltrans.o
                                                  build/obj/vectors.o (symbol from plugin)
                                                  C:\Users\ajink\AppData\Local\Temp\ccHy3O2I.ltrans1.ltrans.o
Vector14C                                         C:\Users\ajink\AppData\Local\Temp\ccHy3O2I.ltrans0.ltrans.o
                                                  build/obj/vectors.o (symbol from plugin)
                                                  C:\Users\ajink\AppData\Local\Temp\ccHy3O2I.ltrans1.ltrans.o
Vector150                                         C:\Users\ajink\AppData\Local\Temp\ccHy3O2I.ltrans2.ltrans.o
                                                  build/obj/stm32_dma.o (symbol from plugin)
                                                  build/obj/vectors.o (symbol from plugin)
                                                  C:\Users\ajink\AppData\Local\Temp\ccHy3O2I.ltrans1.ltrans.o
Vector154                                         C:\Users\ajink\AppData\Local\Temp\ccHy3O2I.ltrans2.ltrans.o
                                                  build/obj/stm32_dma.o (symbol from plugin)
                                                  build/obj/vectors.o (symbol from plugin)
                                                  C:\Users\ajink\AppData\Local\Temp\ccHy3O2I.ltrans1.ltrans.o
Vector158                                         C:\Users\ajink\AppData\Local\Temp\ccHy3O2I.ltrans2.ltrans.o
                                                  build/obj/stm32_dma.o (symbol from plugin)
                                                  build/obj/vectors.o (symbol from plugin)
                                                  C:\Users\ajink\AppData\Local\Temp\ccHy3O2I.ltrans1.ltrans.o
Vector15C                                         C:\Users\ajink\AppData\Local\Temp\ccHy3O2I.ltrans0.ltrans.o
                                                  build/obj/vectors.o (symbol from plugin)
                                                  C:\Users\ajink\AppData\Local\Temp\ccHy3O2I.ltrans1.ltrans.o
Vector160                                         C:\Users\ajink\AppData\Local\Temp\ccHy3O2I.ltrans0.ltrans.o
                                                  build/obj/vectors.o (symbol from plugin)
                                                  C:\Users\ajink\AppData\Local\Temp\ccHy3O2I.ltrans1.ltrans.o
Vector164                                         C:\Users\ajink\AppData\Local\Temp\ccHy3O2I.ltrans0.ltrans.o
                                                  build/obj/vectors.o (symbol from plugin)
                                                  C:\Users\ajink\AppData\Local\Temp\ccHy3O2I.ltrans1.ltrans.o
Vector168                                         C:\Users\ajink\AppData\Local\Temp\ccHy3O2I.ltrans0.ltrans.o
                                                  build/obj/vectors.o (symbol from plugin)
                                                  C:\Users\ajink\AppData\Local\Temp\ccHy3O2I.ltrans1.ltrans.o
Vector16C                                         C:\Users\ajink\AppData\Local\Temp\ccHy3O2I.ltrans0.ltrans.o
                                                  build/obj/vectors.o (symbol from plugin)
                                                  C:\Users\ajink\AppData\Local\Temp\ccHy3O2I.ltrans1.ltrans.o
Vector170                                         C:\Users\ajink\AppData\Local\Temp\ccHy3O2I.ltrans0.ltrans.o
                                                  build/obj/vectors.o (symbol from plugin)
                                                  C:\Users\ajink\AppData\Local\Temp\ccHy3O2I.ltrans1.ltrans.o
Vector174                                         C:\Users\ajink\AppData\Local\Temp\ccHy3O2I.ltrans0.ltrans.o
                                                  build/obj/vectors.o (symbol from plugin)
                                                  C:\Users\ajink\AppData\Local\Temp\ccHy3O2I.ltrans1.ltrans.o
Vector178                                         C:\Users\ajink\AppData\Local\Temp\ccHy3O2I.ltrans0.ltrans.o
                                                  build/obj/vectors.o (symbol from plugin)
                                                  C:\Users\ajink\AppData\Local\Temp\ccHy3O2I.ltrans1.ltrans.o
Vector17C                                         C:\Users\ajink\AppData\Local\Temp\ccHy3O2I.ltrans0.ltrans.o
                                                  build/obj/vectors.o (symbol from plugin)
                                                  C:\Users\ajink\AppData\Local\Temp\ccHy3O2I.ltrans1.ltrans.o
Vector180                                         C:\Users\ajink\AppData\Local\Temp\ccHy3O2I.ltrans0.ltrans.o
                                                  build/obj/vectors.o (symbol from plugin)
                                                  C:\Users\ajink\AppData\Local\Temp\ccHy3O2I.ltrans1.ltrans.o
Vector184                                         C:\Users\ajink\AppData\Local\Temp\ccHy3O2I.ltrans0.ltrans.o
                                                  build/obj/vectors.o (symbol from plugin)
                                                  C:\Users\ajink\AppData\Local\Temp\ccHy3O2I.ltrans1.ltrans.o
Vector188                                         C:\Users\ajink\AppData\Local\Temp\ccHy3O2I.ltrans0.ltrans.o
                                                  build/obj/vectors.o (symbol from plugin)
                                                  C:\Users\ajink\AppData\Local\Temp\ccHy3O2I.ltrans1.ltrans.o
Vector18C                                         C:\Users\ajink\AppData\Local\Temp\ccHy3O2I.ltrans0.ltrans.o
                                                  build/obj/vectors.o (symbol from plugin)
                                                  C:\Users\ajink\AppData\Local\Temp\ccHy3O2I.ltrans1.ltrans.o
Vector190                                         C:\Users\ajink\AppData\Local\Temp\ccHy3O2I.ltrans0.ltrans.o
                                                  build/obj/vectors.o (symbol from plugin)
                                                  C:\Users\ajink\AppData\Local\Temp\ccHy3O2I.ltrans1.ltrans.o
Vector194                                         C:\Users\ajink\AppData\Local\Temp\ccHy3O2I.ltrans0.ltrans.o
                                                  build/obj/vectors.o (symbol from plugin)
                                                  C:\Users\ajink\AppData\Local\Temp\ccHy3O2I.ltrans1.ltrans.o
Vector198                                         C:\Users\ajink\AppData\Local\Temp\ccHy3O2I.ltrans0.ltrans.o
                                                  build/obj/vectors.o (symbol from plugin)
                                                  C:\Users\ajink\AppData\Local\Temp\ccHy3O2I.ltrans1.ltrans.o
Vector19C                                         C:\Users\ajink\AppData\Local\Temp\ccHy3O2I.ltrans0.ltrans.o
                                                  build/obj/vectors.o (symbol from plugin)
                                                  C:\Users\ajink\AppData\Local\Temp\ccHy3O2I.ltrans1.ltrans.o
Vector1A0                                         C:\Users\ajink\AppData\Local\Temp\ccHy3O2I.ltrans0.ltrans.o
                                                  build/obj/vectors.o (symbol from plugin)
                                                  C:\Users\ajink\AppData\Local\Temp\ccHy3O2I.ltrans1.ltrans.o
Vector1A4                                         C:\Users\ajink\AppData\Local\Temp\ccHy3O2I.ltrans0.ltrans.o
                                                  build/obj/vectors.o (symbol from plugin)
                                                  C:\Users\ajink\AppData\Local\Temp\ccHy3O2I.ltrans1.ltrans.o
Vector1A8                                         C:\Users\ajink\AppData\Local\Temp\ccHy3O2I.ltrans0.ltrans.o
                                                  build/obj/vectors.o (symbol from plugin)
                                                  C:\Users\ajink\AppData\Local\Temp\ccHy3O2I.ltrans1.ltrans.o
Vector1AC                                         C:\Users\ajink\AppData\Local\Temp\ccHy3O2I.ltrans0.ltrans.o
                                                  build/obj/vectors.o (symbol from plugin)
                                                  C:\Users\ajink\AppData\Local\Temp\ccHy3O2I.ltrans1.ltrans.o
Vector1B0                                         C:\Users\ajink\AppData\Local\Temp\ccHy3O2I.ltrans0.ltrans.o
                                                  build/obj/vectors.o (symbol from plugin)
                                                  C:\Users\ajink\AppData\Local\Temp\ccHy3O2I.ltrans1.ltrans.o
Vector1B4                                         C:\Users\ajink\AppData\Local\Temp\ccHy3O2I.ltrans0.ltrans.o
                                                  build/obj/vectors.o (symbol from plugin)
                                                  C:\Users\ajink\AppData\Local\Temp\ccHy3O2I.ltrans1.ltrans.o
Vector1B8                                         C:\Users\ajink\AppData\Local\Temp\ccHy3O2I.ltrans0.ltrans.o
                                                  build/obj/vectors.o (symbol from plugin)
                                                  C:\Users\ajink\AppData\Local\Temp\ccHy3O2I.ltrans1.ltrans.o
Vector1BC                                         C:\Users\ajink\AppData\Local\Temp\ccHy3O2I.ltrans0.ltrans.o
                                                  build/obj/vectors.o (symbol from plugin)
                                                  C:\Users\ajink\AppData\Local\Temp\ccHy3O2I.ltrans1.ltrans.o
Vector1C                                          C:\Users\ajink\AppData\Local\Temp\ccHy3O2I.ltrans0.ltrans.o
                                                  build/obj/vectors.o (symbol from plugin)
                                                  C:\Users\ajink\AppData\Local\Temp\ccHy3O2I.ltrans1.ltrans.o
Vector20                                          C:\Users\ajink\AppData\Local\Temp\ccHy3O2I.ltrans0.ltrans.o
                                                  build/obj/vectors.o (symbol from plugin)
                                                  C:\Users\ajink\AppData\Local\Temp\ccHy3O2I.ltrans1.ltrans.o
Vector24                                          C:\Users\ajink\AppData\Local\Temp\ccHy3O2I.ltrans0.ltrans.o
                                                  build/obj/vectors.o (symbol from plugin)
                                                  C:\Users\ajink\AppData\Local\Temp\ccHy3O2I.ltrans1.ltrans.o
Vector28                                          C:\Users\ajink\AppData\Local\Temp\ccHy3O2I.ltrans0.ltrans.o
                                                  build/obj/vectors.o (symbol from plugin)
                                                  C:\Users\ajink\AppData\Local\Temp\ccHy3O2I.ltrans1.ltrans.o
Vector34                                          C:\Users\ajink\AppData\Local\Temp\ccHy3O2I.ltrans0.ltrans.o
                                                  build/obj/vectors.o (symbol from plugin)
                                                  C:\Users\ajink\AppData\Local\Temp\ccHy3O2I.ltrans1.ltrans.o
Vector40                                          C:\Users\ajink\AppData\Local\Temp\ccHy3O2I.ltrans0.ltrans.o
                                                  build/obj/vectors.o (symbol from plugin)
                                                  C:\Users\ajink\AppData\Local\Temp\ccHy3O2I.ltrans1.ltrans.o
Vector44                                          C:\Users\ajink\AppData\Local\Temp\ccHy3O2I.ltrans0.ltrans.o
                                                  build/obj/vectors.o (symbol from plugin)
                                                  C:\Users\ajink\AppData\Local\Temp\ccHy3O2I.ltrans1.ltrans.o
Vector48                                          C:\Users\ajink\AppData\Local\Temp\ccHy3O2I.ltrans0.ltrans.o
                                                  build/obj/vectors.o (symbol from plugin)
                                                  C:\Users\ajink\AppData\Local\Temp\ccHy3O2I.ltrans1.ltrans.o
Vector4C                                          C:\Users\ajink\AppData\Local\Temp\ccHy3O2I.ltrans0.ltrans.o
                                                  build/obj/vectors.o (symbol from plugin)
                                                  C:\Users\ajink\AppData\Local\Temp\ccHy3O2I.ltrans1.ltrans.o
Vector50                                          C:\Users\ajink\AppData\Local\Temp\ccHy3O2I.ltrans0.ltrans.o
                                                  build/obj/vectors.o (symbol from plugin)
                                                  C:\Users\ajink\AppData\Local\Temp\ccHy3O2I.ltrans1.ltrans.o
Vector54                                          C:\Users\ajink\AppData\Local\Temp\ccHy3O2I.ltrans0.ltrans.o
                                                  build/obj/vectors.o (symbol from plugin)
                                                  C:\Users\ajink\AppData\Local\Temp\ccHy3O2I.ltrans1.ltrans.o
Vector58                                          C:\Users\ajink\AppData\Local\Temp\ccHy3O2I.ltrans0.ltrans.o
                                                  build/obj/vectors.o (symbol from plugin)
                                                  C:\Users\ajink\AppData\Local\Temp\ccHy3O2I.ltrans1.ltrans.o
Vector5C                                          C:\Users\ajink\AppData\Local\Temp\ccHy3O2I.ltrans0.ltrans.o
                                                  build/obj/vectors.o (symbol from plugin)
                                                  C:\Users\ajink\AppData\Local\Temp\ccHy3O2I.ltrans1.ltrans.o
Vector60                                          C:\Users\ajink\AppData\Local\Temp\ccHy3O2I.ltrans0.ltrans.o
                                                  build/obj/vectors.o (symbol from plugin)
                                                  C:\Users\ajink\AppData\Local\Temp\ccHy3O2I.ltrans1.ltrans.o
Vector64                                          C:\Users\ajink\AppData\Local\Temp\ccHy3O2I.ltrans0.ltrans.o
                                                  build/obj/vectors.o (symbol from plugin)
                                                  C:\Users\ajink\AppData\Local\Temp\ccHy3O2I.ltrans1.ltrans.o
Vector68                                          C:\Users\ajink\AppData\Local\Temp\ccHy3O2I.ltrans0.ltrans.o
                                                  build/obj/vectors.o (symbol from plugin)
                                                  C:\Users\ajink\AppData\Local\Temp\ccHy3O2I.ltrans1.ltrans.o
Vector6C                                          C:\Users\ajink\AppData\Local\Temp\ccHy3O2I.ltrans2.ltrans.o
                                                  build/obj/stm32_dma.o (symbol from plugin)
                                                  build/obj/vectors.o (symbol from plugin)
                                                  C:\Users\ajink\AppData\Local\Temp\ccHy3O2I.ltrans1.ltrans.o
Vector70                                          C:\Users\ajink\AppData\Local\Temp\ccHy3O2I.ltrans2.ltrans.o
                                                  build/obj/stm32_dma.o (symbol from plugin)
                                                  build/obj/vectors.o (symbol from plugin)
                                                  C:\Users\ajink\AppData\Local\Temp\ccHy3O2I.ltrans1.ltrans.o
Vector74                                          C:\Users\ajink\AppData\Local\Temp\ccHy3O2I.ltrans2.ltrans.o
                                                  build/obj/stm32_dma.o (symbol from plugin)
                                                  build/obj/vectors.o (symbol from plugin)
                                                  C:\Users\ajink\AppData\Local\Temp\ccHy3O2I.ltrans1.ltrans.o
Vector78                                          C:\Users\ajink\AppData\Local\Temp\ccHy3O2I.ltrans2.ltrans.o
                                                  build/obj/stm32_dma.o (symbol from plugin)
                                                  build/obj/vectors.o (symbol from plugin)
                                                  C:\Users\ajink\AppData\Local\Temp\ccHy3O2I.ltrans1.ltrans.o
Vector7C                                          C:\Users\ajink\AppData\Local\Temp\ccHy3O2I.ltrans2.ltrans.o
                                                  build/obj/stm32_dma.o (symbol from plugin)
                                                  build/obj/vectors.o (symbol from plugin)
                                                  C:\Users\ajink\AppData\Local\Temp\ccHy3O2I.ltrans1.ltrans.o
Vector80                                          C:\Users\ajink\AppData\Local\Temp\ccHy3O2I.ltrans2.ltrans.o
                                                  build/obj/stm32_dma.o (symbol from plugin)
                                                  build/obj/vectors.o (symbol from plugin)
                                                  C:\Users\ajink\AppData\Local\Temp\ccHy3O2I.ltrans1.ltrans.o
Vector84                                          C:\Users\ajink\AppData\Local\Temp\ccHy3O2I.ltrans2.ltrans.o
                                                  build/obj/stm32_dma.o (symbol from plugin)
                                                  build/obj/vectors.o (symbol from plugin)
                                                  C:\Users\ajink\AppData\Local\Temp\ccHy3O2I.ltrans1.ltrans.o
Vector88                                          C:\Users\ajink\AppData\Local\Temp\ccHy3O2I.ltrans0.ltrans.o
                                                  build/obj/vectors.o (symbol from plugin)
                                                  C:\Users\ajink\AppData\Local\Temp\ccHy3O2I.ltrans1.ltrans.o
Vector8C                                          C:\Users\ajink\AppData\Local\Temp\ccHy3O2I.ltrans0.ltrans.o
                                                  build/obj/vectors.o (symbol from plugin)
                                                  C:\Users\ajink\AppData\Local\Temp\ccHy3O2I.ltrans1.ltrans.o
Vector90                                          C:\Users\ajink\AppData\Local\Temp\ccHy3O2I.ltrans0.ltrans.o
                                                  build/obj/vectors.o (symbol from plugin)
                                                  C:\Users\ajink\AppData\Local\Temp\ccHy3O2I.ltrans1.ltrans.o
Vector94                                          C:\Users\ajink\AppData\Local\Temp\ccHy3O2I.ltrans0.ltrans.o
                                                  build/obj/vectors.o (symbol from plugin)
                                                  C:\Users\ajink\AppData\Local\Temp\ccHy3O2I.ltrans1.ltrans.o
Vector98                                          C:\Users\ajink\AppData\Local\Temp\ccHy3O2I.ltrans0.ltrans.o
                                                  build/obj/vectors.o (symbol from plugin)
                                                  C:\Users\ajink\AppData\Local\Temp\ccHy3O2I.ltrans1.ltrans.o
Vector9C                                          C:\Users\ajink\AppData\Local\Temp\ccHy3O2I.ltrans0.ltrans.o
                                                  build/obj/vectors.o (symbol from plugin)
                                                  C:\Users\ajink\AppData\Local\Temp\ccHy3O2I.ltrans1.ltrans.o
VectorA0                                          C:\Users\ajink\AppData\Local\Temp\ccHy3O2I.ltrans0.ltrans.o
                                                  build/obj/vectors.o (symbol from plugin)
                                                  C:\Users\ajink\AppData\Local\Temp\ccHy3O2I.ltrans1.ltrans.o
VectorA4                                          C:\Users\ajink\AppData\Local\Temp\ccHy3O2I.ltrans0.ltrans.o
                                                  build/obj/vectors.o (symbol from plugin)
                                                  C:\Users\ajink\AppData\Local\Temp\ccHy3O2I.ltrans1.ltrans.o
VectorA8                                          C:\Users\ajink\AppData\Local\Temp\ccHy3O2I.ltrans0.ltrans.o
                                                  build/obj/vectors.o (symbol from plugin)
                                                  C:\Users\ajink\AppData\Local\Temp\ccHy3O2I.ltrans1.ltrans.o
VectorAC                                          C:\Users\ajink\AppData\Local\Temp\ccHy3O2I.ltrans0.ltrans.o
                                                  build/obj/vectors.o (symbol from plugin)
                                                  C:\Users\ajink\AppData\Local\Temp\ccHy3O2I.ltrans1.ltrans.o
VectorB0                                          C:\Users\ajink\AppData\Local\Temp\ccHy3O2I.ltrans2.ltrans.o
                                                  build/obj/st_lld.o (symbol from plugin)
                                                  build/obj/vectors.o (symbol from plugin)
                                                  C:\Users\ajink\AppData\Local\Temp\ccHy3O2I.ltrans1.ltrans.o
VectorB4                                          C:\Users\ajink\AppData\Local\Temp\ccHy3O2I.ltrans0.ltrans.o
                                                  build/obj/vectors.o (symbol from plugin)
                                                  C:\Users\ajink\AppData\Local\Temp\ccHy3O2I.ltrans1.ltrans.o
VectorB8                                          C:\Users\ajink\AppData\Local\Temp\ccHy3O2I.ltrans0.ltrans.o
                                                  build/obj/vectors.o (symbol from plugin)
                                                  C:\Users\ajink\AppData\Local\Temp\ccHy3O2I.ltrans1.ltrans.o
VectorBC                                          build/obj/i2c_lld.o (symbol from plugin)
                                                  build/obj/vectors.o (symbol from plugin)
VectorC0                                          build/obj/i2c_lld.o (symbol from plugin)
                                                  build/obj/vectors.o (symbol from plugin)
VectorC4                                          C:\Users\ajink\AppData\Local\Temp\ccHy3O2I.ltrans0.ltrans.o
                                                  build/obj/vectors.o (symbol from plugin)
                                                  C:\Users\ajink\AppData\Local\Temp\ccHy3O2I.ltrans1.ltrans.o
VectorC8                                          C:\Users\ajink\AppData\Local\Temp\ccHy3O2I.ltrans0.ltrans.o
                                                  build/obj/vectors.o (symbol from plugin)
                                                  C:\Users\ajink\AppData\Local\Temp\ccHy3O2I.ltrans1.ltrans.o
VectorCC                                          C:\Users\ajink\AppData\Local\Temp\ccHy3O2I.ltrans0.ltrans.o
                                                  build/obj/vectors.o (symbol from plugin)
                                                  C:\Users\ajink\AppData\Local\Temp\ccHy3O2I.ltrans1.ltrans.o
VectorD0                                          C:\Users\ajink\AppData\Local\Temp\ccHy3O2I.ltrans0.ltrans.o
                                                  build/obj/vectors.o (symbol from plugin)
                                                  C:\Users\ajink\AppData\Local\Temp\ccHy3O2I.ltrans1.ltrans.o
VectorD4                                          C:\Users\ajink\AppData\Local\Temp\ccHy3O2I.ltrans0.ltrans.o
                                                  build/obj/vectors.o (symbol from plugin)
                                                  C:\Users\ajink\AppData\Local\Temp\ccHy3O2I.ltrans1.ltrans.o
VectorD8                                          build/obj/serial_lld.o (symbol from plugin)
                                                  build/obj/vectors.o (symbol from plugin)
VectorDC                                          C:\Users\ajink\AppData\Local\Temp\ccHy3O2I.ltrans0.ltrans.o
                                                  build/obj/vectors.o (symbol from plugin)
                                                  C:\Users\ajink\AppData\Local\Temp\ccHy3O2I.ltrans1.ltrans.o
VectorE0                                          C:\Users\ajink\AppData\Local\Temp\ccHy3O2I.ltrans0.ltrans.o
                                                  build/obj/vectors.o (symbol from plugin)
                                                  C:\Users\ajink\AppData\Local\Temp\ccHy3O2I.ltrans1.ltrans.o
VectorE4                                          C:\Users\ajink\AppData\Local\Temp\ccHy3O2I.ltrans0.ltrans.o
                                                  build/obj/vectors.o (symbol from plugin)
                                                  C:\Users\ajink\AppData\Local\Temp\ccHy3O2I.ltrans1.ltrans.o
VectorE8                                          C:\Users\ajink\AppData\Local\Temp\ccHy3O2I.ltrans0.ltrans.o
                                                  build/obj/vectors.o (symbol from plugin)
                                                  C:\Users\ajink\AppData\Local\Temp\ccHy3O2I.ltrans1.ltrans.o
VectorEC                                          C:\Users\ajink\AppData\Local\Temp\ccHy3O2I.ltrans0.ltrans.o
                                                  build/obj/vectors.o (symbol from plugin)
                                                  C:\Users\ajink\AppData\Local\Temp\ccHy3O2I.ltrans1.ltrans.o
VectorF0                                          C:\Users\ajink\AppData\Local\Temp\ccHy3O2I.ltrans0.ltrans.o
                                                  build/obj/vectors.o (symbol from plugin)
                                                  C:\Users\ajink\AppData\Local\Temp\ccHy3O2I.ltrans1.ltrans.o
VectorF4                                          C:\Users\ajink\AppData\Local\Temp\ccHy3O2I.ltrans0.ltrans.o
                                                  build/obj/vectors.o (symbol from plugin)
                                                  C:\Users\ajink\AppData\Local\Temp\ccHy3O2I.ltrans1.ltrans.o
VectorF8                                          C:\Users\ajink\AppData\Local\Temp\ccHy3O2I.ltrans0.ltrans.o
                                                  build/obj/vectors.o (symbol from plugin)
                                                  C:\Users\ajink\AppData\Local\Temp\ccHy3O2I.ltrans1.ltrans.o
VectorFC                                          C:\Users\ajink\AppData\Local\Temp\ccHy3O2I.ltrans2.ltrans.o
                                                  build/obj/stm32_dma.o (symbol from plugin)
                                                  build/obj/vectors.o (symbol from plugin)
                                                  C:\Users\ajink\AppData\Local\Temp\ccHy3O2I.ltrans1.ltrans.o
__core_init                                       C:\Users\ajink\AppData\Local\Temp\ccHy3O2I.ltrans0.ltrans.o
                                                  build/obj/crt1.o (symbol from plugin)
                                                  build/obj/crt0_v7m.o
__default_exit                                    C:\Users\ajink\AppData\Local\Temp\ccHy3O2I.ltrans0.ltrans.o
                                                  build/obj/crt1.o (symbol from plugin)
                                                  build/obj/crt0_v7m.o
__early_init                                      C:\Users\ajink\AppData\Local\Temp\ccHy3O2I.ltrans1.ltrans.o
                                                  build/obj/board.o (symbol from plugin)
                                                  build/obj/crt1.o (symbol from plugin)
                                                  build/obj/crt0_v7m.o
__fini_array_end                                  build/obj/crt0_v7m.o
__fini_array_start                                build/obj/crt0_v7m.o
__heap_base__                                     C:\Users\ajink\AppData\Local\Temp\ccHy3O2I.ltrans3.ltrans.o
                                                  build/obj/chmemcore.o (symbol from plugin)
__heap_end__                                      C:\Users\ajink\AppData\Local\Temp\ccHy3O2I.ltrans3.ltrans.o
                                                  build/obj/chmemcore.o (symbol from plugin)
__init_array_end                                  build/obj/crt0_v7m.o
__init_array_start                                build/obj/crt0_v7m.o
__late_init                                       C:\Users\ajink\AppData\Local\Temp\ccHy3O2I.ltrans0.ltrans.o
                                                  build/obj/crt1.o (symbol from plugin)
                                                  build/obj/crt0_v7m.o
__main_stack_base__                               build/obj/crt0_v7m.o
__main_stack_end__                                C:\Users\ajink\AppData\Local\Temp\ccHy3O2I.ltrans1.ltrans.o
                                                  build/obj/vectors.o (symbol from plugin)
                                                  build/obj/crt0_v7m.o
__process_stack_base__                            build/obj/crt0_v7m.o
__process_stack_end__                             build/obj/crt0_v7m.o
_bss_end                                          build/obj/crt0_v7m.o
_bss_start                                        build/obj/crt0_v7m.o
_core_init                                        build/obj/chmemcore.o (symbol from plugin)
                                                  build/obj/chsys.o (symbol from plugin)
_data                                             build/obj/crt0_v7m.o
_edata                                            build/obj/crt0_v7m.o
_heap_init                                        build/obj/chheap.o (symbol from plugin)
                                                  build/obj/chsys.o (symbol from plugin)
_idle_thread.lto_priv.66                          C:\Users\ajink\AppData\Local\Temp\ccHy3O2I.ltrans0.ltrans.o
                                                  C:\Users\ajink\AppData\Local\Temp\ccHy3O2I.ltrans3.ltrans.o
_mmcsd_get_capacity                               build/obj/hal_mmcsd.o (symbol from plugin)
                                                  build/obj/sdc.o (symbol from plugin)
_mmcsd_get_capacity_ext                           build/obj/hal_mmcsd.o (symbol from plugin)
                                                  build/obj/sdc.o (symbol from plugin)
_mmcsd_get_slice                                  build/obj/hal_mmcsd.o (symbol from plugin)
                                                  build/obj/sdc.o (symbol from plugin)
_mmcsd_unpack_csd_mmc                             build/obj/hal_mmcsd.o (symbol from plugin)
_mmcsd_unpack_csd_v10                             build/obj/hal_mmcsd.o (symbol from plugin)
_mmcsd_unpack_csd_v20                             build/obj/hal_mmcsd.o (symbol from plugin)
_mmcsd_unpack_mmc_cid                             build/obj/hal_mmcsd.o (symbol from plugin)
_mmcsd_unpack_sdc_cid                             build/obj/hal_mmcsd.o (symbol from plugin)
_pal_lld_init                                     build/obj/pal_lld.o (symbol from plugin)
                                                  build/obj/hal.o (symbol from plugin)
_pal_lld_setgroupmode                             build/obj/pal_lld.o (symbol from plugin)
                                                  build/obj/codec_CS43L22.o (symbol from plugin)
                                                  build/obj/pal.o (symbol from plugin)
_pal_lld_setgroupmode.constprop.24                C:\Users\ajink\AppData\Local\Temp\ccHy3O2I.ltrans4.ltrans.o
                                                  C:\Users\ajink\AppData\Local\Temp\ccHy3O2I.ltrans3.ltrans.o
_port_exit_from_isr                               build/obj/chcoreasm_v7m.o
                                                  C:\Users\ajink\AppData\Local\Temp\ccHy3O2I.ltrans0.ltrans.o
                                                  build/obj/chcore_v7m.o (symbol from plugin)
_port_irq_epilogue                                C:\Users\ajink\AppData\Local\Temp\ccHy3O2I.ltrans0.ltrans.o
                                                  build/obj/chcore_v7m.o (symbol from plugin)
                                                  C:\Users\ajink\AppData\Local\Temp\ccHy3O2I.ltrans2.ltrans.o
                                                  C:\Users\ajink\AppData\Local\Temp\ccHy3O2I.ltrans1.ltrans.o
                                                  build/obj/serial_lld.o (symbol from plugin)
                                                  build/obj/i2c_lld.o (symbol from plugin)
                                                  build/obj/sdc_lld.o (symbol from plugin)
                                                  build/obj/st_lld.o (symbol from plugin)
                                                  build/obj/stm32_dma.o (symbol from plugin)
_port_switch                                      build/obj/chcoreasm_v7m.o
                                                  C:\Users\ajink\AppData\Local\Temp\ccHy3O2I.ltrans4.ltrans.o
                                                  C:\Users\ajink\AppData\Local\Temp\ccHy3O2I.ltrans0.ltrans.o
                                                  build/obj/chschd.o (symbol from plugin)
_port_switch_from_isr                             build/obj/chcoreasm_v7m.o
                                                  C:\Users\ajink\AppData\Local\Temp\ccHy3O2I.ltrans0.ltrans.o
                                                  build/obj/chcore_v7m.o (symbol from plugin)
_port_thread_start                                build/obj/chcoreasm_v7m.o
                                                  C:\Users\ajink\AppData\Local\Temp\ccHy3O2I.ltrans3.ltrans.o
                                                  build/obj/chthreads.o (symbol from plugin)
_scheduler_init                                   build/obj/chschd.o (symbol from plugin)
                                                  build/obj/chsys.o (symbol from plugin)